******************************************************************************
                  TI ARM Linker PC v16.9.1                     
******************************************************************************
>> Linked Fri May 05 19:37:49 2017

OUTPUT FILE NAME:   <freertos_demo.out>
ENTRY POINT SYMBOL: "_c_int00"  address: 00002a91


MEMORY CONFIGURATION

         name            origin    length      used     unused   attr    fill
----------------------  --------  ---------  --------  --------  ----  --------
  FLASH                 00000000   00040000  000038d2  0003c72e  R  X
  SRAM                  20000000   00008000  00007ca4  0000035c  RW X


SEGMENT ALLOCATION MAP

run origin  load origin   length   init length attrs members
----------  ----------- ---------- ----------- ----- -------
00000000    00000000    000038d8   000038d8    r-x
  00000000    00000000    0000026c   0000026c    r-- .intvecs
  0000026c    0000026c    000032de   000032de    r-x .text
  0000354c    0000354c    000002e0   000002e0    r-- .const
  00003830    00003830    000000a8   000000a8    r-- .cinit
20000000    20000000    00007ca4   00000000    rw-
  20000000    20000000    0000026c   00000000    rw- .vtable
  2000026c    2000026c    00007744   00000000    rw- .bss
  200079b0    200079b0    00000200   00000000    rw- .stack
  20007bb0    20007bb0    000000f4   00000000    rw- .data


SECTION ALLOCATION MAP

 output                                  attributes/
section   page    origin      length       input sections
--------  ----  ----------  ----------   ----------------
.intvecs   0    00000000    0000026c     
                  00000000    0000026c     startup_ccs.obj (.intvecs)

.text      0    0000026c    000032de     
                  0000026c    000003a8     led_task.obj (.text:Task1)
                  00000614    00000254     led_task.obj (.text:Task2)
                  00000868    0000024c     led_task.obj (.text:LEDTaskInit)
                  00000ab4    000001ea     uartstdio.obj (.text:UARTvprintf)
                  00000c9e    00000002     startup_ccs.obj (.text:FaultISR)
                  00000ca0    0000013c     led_task.obj (.text:Task3)
                  00000ddc    00000138     led_task.obj (.text:Task4)
                  00000f14    00000132     led_task.obj (.text:GPIOPadConfigSet)
                  00001046    00000002     startup_ccs.obj (.text:IntDefaultHandler)
                  00001048    00000118     queue.obj (.text:xQueueGenericReceive)
                  00001160    00000114     freertos_demo.obj (.text:main)
                  00001274    00000110     led_task.obj (.text:compare)
                  00001384    00000104     rgb.obj (.text:RGBInit)
                  00001488    00000104     tasks.obj (.text:xTaskGenericCreate)
                  0000158c    00000104     tasks.obj (.text:xTaskIncrementTick)
                  00001690    00000100     led_task.obj (.text:PortFIntHandler)
                  00001790    000000f4     driverlib.lib : sysctl.obj (.text:SysCtlClockSet)
                  00001884    000000ec     sdcard.obj (.text:sdcard_init)
                  00001970    000000e8     queue.obj (.text:xQueueGenericSend)
                  00001a58    000000e4     tasks.obj (.text:xTaskResumeAll)
                  00001b3c    000000d2     portasm.obj (.text)
                  00001c0e    00000002     startup_ccs.obj (.text:NmiSR)
                  00001c10    000000c4     tasks.obj (.text:vTaskPrioritySet)
                  00001cd4    000000c0     rgb.obj (.text:RGBEnable)
                  00001d94    000000ac     heap_2.obj (.text:pvPortMalloc)
                  00001e40    0000009c     rtsv7M4_T_le_v4SPD16_eabi.lib : memcpy_t2.obj (.text)
                  00001edc    00000094     tasks.obj (.text:vTaskPriorityInherit)
                  00001f70    00000090     rgb.obj (.text:RGBColorSet)
                  00002000    0000008c     sdcard.obj (.text:cmd_twentyfour)
                  0000208c    0000008c     tasks.obj (.text:vTaskSwitchContext)
                  00002118    00000084     tasks.obj (.text:vTaskDelayUntil)
                  0000219c    00000084     queue.obj (.text:xQueueGenericReset)
                  00002220    00000080     led_task.obj (.text:PortCIntHandler)
                  000022a0    0000007c     tasks.obj (.text:xTaskPriorityDisinherit)
                  0000231c    0000007a     driverlib.lib : adc.obj (.text:ADCSequenceStepConfigure)
                  00002396    0000007a     rtsv7M4_T_le_v4SPD16_eabi.lib : memset_t2.obj (.text)
                  00002410    00000074     tasks.obj (.text:xTaskRemoveFromEventList)
                  00002484    00000072     queue.obj (.text:prvCopyDataToQueue)
                  000024f6    00000002     rtsv7M4_T_le_v4SPD16_eabi.lib : i_div0.obj (.text)
                  000024f8    00000070                                   : autoinit.obj (.text)
                  00002568    00000068     driverlib.lib : interrupt.obj (.text:IntEnable)
                  000025d0    00000068     rtsv7M4_T_le_v4SPD16_eabi.lib : copy_decompress_lzss.obj (.text:decompress:lzss)
                  00002638    00000064     freertos_demo.obj (.text:ConfigureUART)
                  0000269c    00000064     tasks.obj (.text:vTaskPlaceOnEventList)
                  00002700    00000062     queue.obj (.text:prvUnlockQueue)
                  00002762    00000002     rtsv7M4_T_le_v4SPD16_eabi.lib : mpu_init.obj (.text)
                  00002764    00000060     uartstdio.obj (.text:UARTStdioConfig)
                  000027c4    00000060     tasks.obj (.text:prvInitialiseTaskLists)
                  00002824    00000060     tasks.obj (.text:vTaskStartScheduler)
                  00002884    00000058     driverlib.lib : adc.obj (.text:ADCSequenceConfigure)
                  000028dc    00000058     led_task.obj (.text:GPIOIntTypeSet)
                  00002934    00000058     sdcard.obj (.text:cmd_zero)
                  0000298c    00000058     tasks.obj (.text:prvCheckTasksWaitingTermination)
                  000029e4    00000056     queue.obj (.text:xQueueGiveFromISR)
                  00002a3a    00000054     tasks.obj (.text:prvInitialiseTCBVariables)
                  00002a8e    00000002     rtsv7M4_T_le_v4SPD16_eabi.lib : startup.obj (.text)
                  00002a90    00000054                                   : boot.obj (.text)
                  00002ae4    00000054                                   : exit.obj (.text)
                  00002b38    00000054     tasks.obj (.text:xTaskCheckForTimeOut)
                  00002b8c    0000004c     led_task.obj (.text:GPIOPinConfigure)
                  00002bd8    0000004c     sdcard.obj (.text:cmd_eight)
                  00002c24    0000004c     sdcard.obj (.text:cmd_feight)
                  00002c70    0000004c     sdcard.obj (.text:cmd_fiftynine)
                  00002cbc    0000004c     tasks.obj (.text:prvAddCurrentTaskToDelayedList)
                  00002d08    0000004c     rtsv7M4_T_le_v4SPD16_eabi.lib : cpy_tbl.obj (.text)
                  00002d54    0000004c     queue.obj (.text:xQueueCreateMutex)
                  00002da0    00000048     uartstdio.obj (.text:UARTwrite)
                  00002de8    00000044     heap_2.obj (.text:vPortFree)
                  00002e2c    00000040     led_task.obj (.text:_GPIOIntNumberGet)
                  00002e6c    00000040     rtsv7M4_T_le_v4SPD16_eabi.lib : u_divt2.obj (.text)
                  00002eac    00000040     port.obj (.text:xPortStartScheduler)
                  00002eec    0000003c     ssi.obj (.text:SSIConfigSetExpClk)
                  00002f28    0000003c     queue.obj (.text:xQueueGenericCreate)
                  00002f64    0000003a     tasks.obj (.text:prvAllocateTCBAndStack)
                  00002f9e    00000038     list.obj (.text:vListInsert)
                  00002fd6    00000002     freertos_demo.obj (.text:vApplicationStackOverflowHook)
                  00002fd8    00000034     driverlib.lib : interrupt.obj (.text:IntRegister)
                  0000300c    00000034                   : sysctl.obj (.text:SysCtlPeripheralEnable)
                  00003040    00000032     led_task.obj (.text:check_prime)
                  00003072    00000002     --HOLE-- [fill = 0]
                  00003074    00000030     sdcard.obj (.text:acmd)
                  000030a4    00000030     sdcard.obj (.text:cmd_fiftyfive)
                  000030d4    00000030     sdcard.obj (.text:cmd_ten)
                  00003104    00000030     heap_2.obj (.text:prvHeapInit)
                  00003134    0000002e     driverlib.lib : adc.obj (.text:ADCIntStatus)
                  00003162    0000002c     led_task.obj (.text:GPIODirModeSet)
                  0000318e    00000002     --HOLE-- [fill = 0]
                  00003190    0000002c     port.obj (.text:xPortSysTickHandler)
                  000031bc    00000028     tasks.obj (.text:prvResetNextTaskUnblockTime)
                  000031e4    00000028     port.obj (.text:pxPortInitialiseStack)
                  0000320c    00000026     queue.obj (.text:prvCopyDataFromQueue)
                  00003232    00000020     list.obj (.text:uxListRemove)
                  00003252    0000001e     driverlib.lib : adc.obj (.text:ADCSequenceDataGet)
                  00003270    0000001c     queue.obj (.text:prvIsQueueFull)
                  0000328c    0000001c     port.obj (.text:vPortEnterCritical)
                  000032a8    0000001a     uartstdio.obj (.text:UARTprintf)
                  000032c2    0000001a     queue.obj (.text:prvIsQueueEmpty)
                  000032dc    00000018     driverlib.lib : adc.obj (.text:ADCProcessorTrigger)
                  000032f4    00000018     led_task.obj (.text:GPIOIntRegister)
                  0000330c    00000018     led_task.obj (.text:GPIOPinTypeGPIOOutput)
                  00003324    00000018     tasks.obj (.text:pvTaskIncrementMutexHeldCount)
                  0000333c    00000018     rtsv7M4_T_le_v4SPD16_eabi.lib : args_main.obj (.text)
                  00003354    00000018                                   : strcmp.obj (.text)
                  0000336c    00000018     list.obj (.text:vListInsertEnd)
                  00003384    00000018     port.obj (.text:vPortExitCritical)
                  0000339c    00000018     tasks.obj (.text:vTaskSetTimeOutState)
                  000033b4    00000016     led_task.obj (.text:GPIOPinTypeGPIOInput)
                  000033ca    00000016     led_task.obj (.text:GPIOPinTypeSSI)
                  000033e0    00000016     list.obj (.text:vListInitialise)
                  000033f6    00000002     --HOLE-- [fill = 0]
                  000033f8    00000014     rgb.obj (.text:RGBIntensitySet)
                  0000340c    00000014     rtsv7M4_T_le_v4SPD16_eabi.lib : _lock.obj (.text)
                  00003420    00000014                                   : strcpy.obj (.text)
                  00003434    00000014     port.obj (.text:vPortSetupTimerInterrupt)
                  00003448    00000012     ssi.obj (.text:SSIDataGetNonBlocking)
                  0000345a    00000012     tasks.obj (.text:prvDeleteTCB)
                  0000346c    00000010     port.obj (.text:prvTaskExitError)
                  0000347c    00000010     tasks.obj (.text:vTaskSuspendAll)
                  0000348c    0000000e     driverlib.lib : adc.obj (.text:ADCSequenceEnable)
                  0000349a    0000000e     led_task.obj (.text:GPIOIntStatus)
                  000034a8    0000000e     rtsv7M4_T_le_v4SPD16_eabi.lib : copy_decompress_none.obj (.text:decompress:none)
                  000034b6    0000000c     led_task.obj (.text:GPIOIntEnable)
                  000034c2    0000000c     ssi.obj (.text:SSIDataGet)
                  000034ce    0000000c     rtsv7M4_T_le_v4SPD16_eabi.lib : copy_zero_init.obj (.text:decompress:ZI)
                  000034da    00000002     --HOLE-- [fill = 0]
                  000034dc    0000000c     tasks.obj (.text:vTaskMissedYield)
                  000034e8    0000000c     tasks.obj (.text:xTaskGetTickCount)
                  000034f4    0000000a     driverlib.lib : adc.obj (.text:ADCIntClear)
                  000034fe    0000000a     ssi.obj (.text:SSIDataPut)
                  00003508    0000000a     ssi.obj (.text:SSIEnable)
                  00003512    00000008     ssi.obj (.text:SSIBusy)
                  0000351a    00000008     tasks.obj (.text:prvIdleTask)
                  00003522    00000006     led_task.obj (.text:GPIOIntClear)
                  00003528    00000006     led_task.obj (.text:GPIOPinWrite)
                  0000352e    00000006     startup_ccs.obj (.text:ResetISR)
                  00003534    00000006     driverlib.lib : sysctl.obj (.text:SysCtlDelay)
                  0000353a    00000006                   : uart.obj (.text:UARTClockSourceSet)
                  00003540    00000006     list.obj (.text:vListInitialiseItem)
                  00003546    00000004     rtsv7M4_T_le_v4SPD16_eabi.lib : pre_init.obj (.text)

.const     0    0000354c    000002e0     
                  0000354c    000000c0     led_task.obj (.const:g_ppui32GPIOIntMapBlizzard)
                  0000360c    000000c0     led_task.obj (.const:g_ppui32GPIOIntMapSnowflake)
                  000036cc    00000090     led_task.obj (.const:g_pui32GPIOBaseAddrs)
                  0000375c    00000070     driverlib.lib : interrupt.obj (.const)
                  000037cc    0000000c     sdcard.obj (.const:$P$T0$1)
                  000037d8    0000000c     uartstdio.obj (.const:g_ui32UARTBase)
                  000037e4    0000000c     uartstdio.obj (.const:g_ui32UARTPeriph)
                  000037f0    00000007     sdcard.obj (.const:.string:$P$T1$2)
                  000037f7    00000007     sdcard.obj (.const:.string:$P$T4$5)
                  000037fe    00000007     sdcard.obj (.const:.string:$P$T5$6)
                  00003805    00000007     sdcard.obj (.const:.string:$P$T7$8)
                  0000380c    00000007     sdcard.obj (.const:.string:$P$T8$9)
                  00003813    00000007     sdcard.obj (.const:.string:$P$T9$10)
                  0000381a    00000006     sdcard.obj (.const:.string:$P$T2$3)
                  00003820    00000006     sdcard.obj (.const:.string:$P$T3$4)
                  00003826    00000002     --HOLE-- [fill = 0]
                  00003828    00000004     port.obj (.const)

.cinit     0    00003830    000000a8     
                  00003830    0000006d     (.cinit..data.load) [load image, compression = lzss]
                  0000389d    00000003     --HOLE-- [fill = 0]
                  000038a0    0000000c     (__TI_handler_table)
                  000038ac    00000004     --HOLE-- [fill = 0]
                  000038b0    00000008     (.cinit..bss.load) [load image, compression = zero_init]
                  000038b8    00000008     (.cinit..vtable.load) [load image, compression = zero_init]
                  000038c0    00000018     (__TI_cinit_table)

.init_array 
*          0    00000000    00000000     UNINITIALIZED

.vtable    0    20000000    0000026c     UNINITIALIZED
                  20000000    0000026c     driverlib.lib : interrupt.obj (.vtable)

.bss       0    2000026c    00007744     UNINITIALIZED
                  2000026c    00007530     heap_2.obj (.bss:ucHeap)
                  2000779c    00000140     tasks.obj (.bss:pxReadyTasksLists)
                  200078dc    00000024     (.common:g_sAppState)
                  20007900    00000014     tasks.obj (.bss:xDelayedTaskList1)
                  20007914    00000014     tasks.obj (.bss:xDelayedTaskList2)
                  20007928    00000014     tasks.obj (.bss:xPendingReadyList)
                  2000793c    00000014     tasks.obj (.bss:xSuspendedTaskList)
                  20007950    00000014     tasks.obj (.bss:xTasksWaitingTermination)
                  20007964    0000000c     rgb.obj (.bss:g_ui32Colors)
                  20007970    00000008     tasks.obj (.bss)
                  20007978    00000008     heap_2.obj (.bss:xEnd)
                  20007980    00000008     heap_2.obj (.bss:xStart)
                  20007988    00000004     led_task.obj (.bss)
                  2000798c    00000004     (.common:g_pUARTSemaphore)
                  20007990    00000004     (.common:morse)
                  20007994    00000004     (.common:qz)
                  20007998    00000004     (.common:share)
                  2000799c    00000004     (.common:sp)
                  200079a0    00000004     (.common:xTask1)
                  200079a4    00000004     (.common:xTask2)
                  200079a8    00000004     (.common:xTask3)
                  200079ac    00000004     (.common:xTask4)

.stack     0    200079b0    00000200     UNINITIALIZED
                  200079b0    00000200     --HOLE--

.data      0    20007bb0    000000f4     UNINITIALIZED
                  20007bb0    00000068     led_task.obj (.data:str1)
                  20007c18    00000030     tasks.obj (.data)
                  20007c48    00000014     led_task.obj (.data)
                  20007c5c    0000000c     rtsv7M4_T_le_v4SPD16_eabi.lib : exit.obj (.data:$O1$$)
                  20007c68    0000000c     led_task.obj (.data:g_pui32Colors)
                  20007c74    0000000a     led_task.obj (.data:str)
                  20007c7e    00000002     --HOLE--
                  20007c80    00000008     rtsv7M4_T_le_v4SPD16_eabi.lib : _lock.obj (.data:$O1$$)
                  20007c88    00000008     heap_2.obj (.data)
                  20007c90    00000005     uartstdio.obj (.data)
                  20007c95    00000003     --HOLE--
                  20007c98    00000004     port.obj (.data)
                  20007c9c    00000004     rgb.obj (.data)
                  20007ca0    00000004     rtsv7M4_T_le_v4SPD16_eabi.lib : stkdepth_vars.obj (.data)

MODULE SUMMARY

       Module                     code    ro data   rw data
       ------                     ----    -------   -------
    .\
       led_task.obj               4162    528       218    
       sdcard.obj                 836     66        0      
       startup_ccs.obj            12      620       0      
       freertos_demo.obj          378     0         4      
       ssi.obj                    118     0         0      
    +--+--------------------------+-------+---------+---------+
       Total:                     5506    1214      222    
                                                           
    .\drivers\
       rgb.obj                    616     0         16     
    +--+--------------------------+-------+---------+---------+
       Total:                     616     0         16     
                                                           
    .\third_party\FreeRTOS\Source\
       tasks.obj                  2440    0         476    
       queue.obj                  1170    0         0      
       list.obj                   140     0         0      
    +--+--------------------------+-------+---------+---------+
       Total:                     3750    0         476    
                                                           
    .\third_party\FreeRTOS\Source\portable\CCS\ARM_CM4F\
       port.obj                   236     4         4      
       portasm.obj                210     0         0      
    +--+--------------------------+-------+---------+---------+
       Total:                     446     4         4      
                                                           
    .\third_party\FreeRTOS\Source\portable\MemMang\
       heap_2.obj                 288     0         30024  
    +--+--------------------------+-------+---------+---------+
       Total:                     288     0         30024  
                                                           
    .\utils\
       uartstdio.obj              684     24        5      
    +--+--------------------------+-------+---------+---------+
       Total:                     684     24        5      
                                                           
    C:/ti/TivaWare_C_Series-2.1.3.156/driverlib/ccs/Debug/driverlib.lib
       interrupt.obj              156     112       620    
       adc.obj                    334     0         0      
       sysctl.obj                 302     0         0      
       uart.obj                   6       0         0      
    +--+--------------------------+-------+---------+---------+
       Total:                     798     112       620    
                                                           
    C:\ti\ccsv7\tools\compiler\ti-cgt-arm_16.9.1.LTS\lib\rtsv7M4_T_le_v4SPD16_eabi.lib
       memcpy_t2.obj              156     0         0      
       memset_t2.obj              122     0         0      
       autoinit.obj               112     0         0      
       copy_decompress_lzss.obj   104     0         0      
       exit.obj                   84      0         12     
       boot.obj                   84      0         0      
       cpy_tbl.obj                76      0         0      
       u_divt2.obj                64      0         0      
       _lock.obj                  20      0         8      
       args_main.obj              24      0         0      
       strcmp.obj                 24      0         0      
       strcpy.obj                 20      0         0      
       copy_decompress_none.obj   14      0         0      
       copy_zero_init.obj         12      0         0      
       pre_init.obj               4       0         0      
       stkdepth_vars.obj          0       0         4      
       i_div0.obj                 2       0         0      
       mpu_init.obj               2       0         0      
       startup.obj                2       0         0      
    +--+--------------------------+-------+---------+---------+
       Total:                     926     0         24     
                                                           
       Stack:                     0       0         512    
       Linker Generated:          0       161       0      
    +--+--------------------------+-------+---------+---------+
       Grand Total:               13014   1515      31903  


LINKER GENERATED COPY TABLES

__TI_cinit_table @ 000038c0 records: 3, size/record: 8, table size: 24
	.data: load addr=00003830, load size=0000006d bytes, run addr=20007bb0, run size=000000f4 bytes, compression=lzss
	.bss: load addr=000038b0, load size=00000008 bytes, run addr=2000026c, run size=00007744 bytes, compression=zero_init
	.vtable: load addr=000038b8, load size=00000008 bytes, run addr=20000000, run size=0000026c bytes, compression=zero_init


LINKER GENERATED HANDLER TABLE

__TI_handler_table @ 000038a0 records: 3, size/record: 4, table size: 12
	index: 0, handler: __TI_zero_init
	index: 1, handler: __TI_decompress_lzss
	index: 2, handler: __TI_decompress_none


GLOBAL SYMBOLS: SORTED ALPHABETICALLY BY Name 

address   name                           
-------   ----                           
000034f5  ADCIntClear                    
00003135  ADCIntStatus                   
000032dd  ADCProcessorTrigger            
00002885  ADCSequenceConfigure           
00003253  ADCSequenceDataGet             
0000348d  ADCSequenceEnable              
0000231d  ADCSequenceStepConfigure       
00002ae5  C$$EXIT                        
00002639  ConfigureUART                  
00003163  GPIODirModeSet                 
00003523  GPIOIntClear                   
000034b7  GPIOIntEnable                  
000032f5  GPIOIntRegister                
0000349b  GPIOIntStatus                  
000028dd  GPIOIntTypeSet                 
00000f15  GPIOPadConfigSet               
00002b8d  GPIOPinConfigure               
000033b5  GPIOPinTypeGPIOInput           
0000330d  GPIOPinTypeGPIOOutput          
000033cb  GPIOPinTypeSSI                 
00003529  GPIOPinWrite                   
00002569  IntEnable                      
00002fd9  IntRegister                    
00000869  LEDTaskInit                    
00001f71  RGBColorSet                    
00001cd5  RGBEnable                      
00001385  RGBInit                        
000033f9  RGBIntensitySet                
0000352f  ResetISR                       
UNDEFED   SHT$$INIT_ARRAY$$Base          
UNDEFED   SHT$$INIT_ARRAY$$Limit         
00003513  SSIBusy                        
00002eed  SSIConfigSetExpClk             
000034c3  SSIDataGet                     
00003449  SSIDataGetNonBlocking          
000034ff  SSIDataPut                     
00003509  SSIEnable                      
00001791  SysCtlClockSet                 
00003535  SysCtlDelay                    
0000300d  SysCtlPeripheralEnable         
0000353b  UARTClockSourceSet             
00002765  UARTStdioConfig                
000032a9  UARTprintf                     
00000ab5  UARTvprintf                    
00002da1  UARTwrite                      
20007bb0  __STACK_END                    
00000200  __STACK_SIZE                   
20007bb0  __STACK_TOP                    
000038c0  __TI_CINIT_Base                
000038d8  __TI_CINIT_Limit               
000038a0  __TI_Handler_Table_Base        
000038ac  __TI_Handler_Table_Limit       
000024f9  __TI_auto_init                 
20007c5c  __TI_cleanup_ptr               
000025d1  __TI_decompress_lzss           
000034a9  __TI_decompress_none           
20007c60  __TI_dtors_ptr                 
20007c64  __TI_enable_exit_profile_output
ffffffff  __TI_pprof_out_hndl            
ffffffff  __TI_prof_data_size            
ffffffff  __TI_prof_data_start           
00000000  __TI_static_base__             
000034cf  __TI_zero_init                 
000024f7  __aeabi_idiv0                  
00002397  __aeabi_memclr                 
00002397  __aeabi_memclr4                
00002397  __aeabi_memclr8                
00001e41  __aeabi_memcpy                 
00001e41  __aeabi_memcpy4                
00001e41  __aeabi_memcpy8                
00002399  __aeabi_memset                 
00002399  __aeabi_memset4                
00002399  __aeabi_memset8                
00002e6d  __aeabi_uidiv                  
00002e6d  __aeabi_uidivmod               
ffffffff  __binit__                      
ffffffff  __c_args__                     
00002763  __mpu_init                     
200079b0  __stack                        
0000333d  _args_main                     
00002a91  _c_int00                       
20007c80  _lock                          
0000341b  _nop                           
00003413  _register_lock                 
0000340d  _register_unlock               
00002a8f  _system_post_cinit             
00003547  _system_pre_init               
20007c84  _unlock                        
00002ae9  abort                          
00003075  acmd                           
ffffffff  binit                          
00003041  check_prime                    
00002bd9  cmd_eight                      
00002c25  cmd_feight                     
000030a5  cmd_fiftyfive                  
00002c71  cmd_fiftynine                  
000030d5  cmd_ten                        
00002001  cmd_twentyfour                 
00002935  cmd_zero                       
00001275  compare                        
00002d09  copy_in                        
20007c54  counter                        
00002af1  exit                           
20007c58  g                              
2000798c  g_pUARTSemaphore               
20000000  g_pfnRAMVectors                
00000000  g_pfnVectors                   
200078dc  g_sAppState                    
00001161  main                           
20007ca0  main_func_sp                   
00001e41  memcpy                         
0000239f  memset                         
20007990  morse                          
20007c48  morseout                       
20007c50  pq                             
00001d95  pvPortMalloc                   
00003325  pvTaskIncrementMutexHeldCount  
20007c18  pxCurrentTCB                   
000031e5  pxPortInitialiseStack          
20007994  qz                             
20007c4c  rt                             
00001885  sdcard_init                    
20007998  share                          
2000799c  sp                             
20007c74  str                            
20007bb0  str1                           
00003355  strcmp                         
00003421  strcpy                         
00003828  ulMaxSyscallInterruptPriority  
00001b4d  ulPortGetIPSR                  
00003233  uxListRemove                   
00002fd7  vApplicationStackOverflowHook  
000033e1  vListInitialise                
00003541  vListInitialiseItem            
00002f9f  vListInsert                    
0000336d  vListInsertEnd                 
00001c01  vPortEnableVFP                 
0000328d  vPortEnterCritical             
00003385  vPortExitCritical              
00002de9  vPortFree                      
00001bc5  vPortSVCHandler                
00003435  vPortSetupTimerInterrupt       
00001be5  vPortStartFirstTask            
00002119  vTaskDelayUntil                
000034dd  vTaskMissedYield               
0000269d  vTaskPlaceOnEventList          
00001edd  vTaskPriorityInherit           
00001c11  vTaskPrioritySet               
0000339d  vTaskSetTimeOutState           
00002825  vTaskStartScheduler            
0000347d  vTaskSuspendAll                
0000208d  vTaskSwitchContext             
00001b65  xPortPendSVHandler             
00002ead  xPortStartScheduler            
00003191  xPortSysTickHandler            
00002d55  xQueueCreateMutex              
00002f29  xQueueGenericCreate            
00001049  xQueueGenericReceive           
0000219d  xQueueGenericReset             
00001971  xQueueGenericSend              
000029e5  xQueueGiveFromISR              
200079a0  xTask1                         
200079a4  xTask2                         
200079a8  xTask3                         
200079ac  xTask4                         
00002b39  xTaskCheckForTimeOut           
00001489  xTaskGenericCreate             
000034e9  xTaskGetTickCount              
0000158d  xTaskIncrementTick             
000022a1  xTaskPriorityDisinherit        
00002411  xTaskRemoveFromEventList       
00001a59  xTaskResumeAll                 


GLOBAL SYMBOLS: SORTED BY Symbol Address 

address   name                           
-------   ----                           
00000000  __TI_static_base__             
00000000  g_pfnVectors                   
00000200  __STACK_SIZE                   
00000869  LEDTaskInit                    
00000ab5  UARTvprintf                    
00000f15  GPIOPadConfigSet               
00001049  xQueueGenericReceive           
00001161  main                           
00001275  compare                        
00001385  RGBInit                        
00001489  xTaskGenericCreate             
0000158d  xTaskIncrementTick             
00001791  SysCtlClockSet                 
00001885  sdcard_init                    
00001971  xQueueGenericSend              
00001a59  xTaskResumeAll                 
00001b4d  ulPortGetIPSR                  
00001b65  xPortPendSVHandler             
00001bc5  vPortSVCHandler                
00001be5  vPortStartFirstTask            
00001c01  vPortEnableVFP                 
00001c11  vTaskPrioritySet               
00001cd5  RGBEnable                      
00001d95  pvPortMalloc                   
00001e41  __aeabi_memcpy                 
00001e41  __aeabi_memcpy4                
00001e41  __aeabi_memcpy8                
00001e41  memcpy                         
00001edd  vTaskPriorityInherit           
00001f71  RGBColorSet                    
00002001  cmd_twentyfour                 
0000208d  vTaskSwitchContext             
00002119  vTaskDelayUntil                
0000219d  xQueueGenericReset             
000022a1  xTaskPriorityDisinherit        
0000231d  ADCSequenceStepConfigure       
00002397  __aeabi_memclr                 
00002397  __aeabi_memclr4                
00002397  __aeabi_memclr8                
00002399  __aeabi_memset                 
00002399  __aeabi_memset4                
00002399  __aeabi_memset8                
0000239f  memset                         
00002411  xTaskRemoveFromEventList       
000024f7  __aeabi_idiv0                  
000024f9  __TI_auto_init                 
00002569  IntEnable                      
000025d1  __TI_decompress_lzss           
00002639  ConfigureUART                  
0000269d  vTaskPlaceOnEventList          
00002763  __mpu_init                     
00002765  UARTStdioConfig                
00002825  vTaskStartScheduler            
00002885  ADCSequenceConfigure           
000028dd  GPIOIntTypeSet                 
00002935  cmd_zero                       
000029e5  xQueueGiveFromISR              
00002a8f  _system_post_cinit             
00002a91  _c_int00                       
00002ae5  C$$EXIT                        
00002ae9  abort                          
00002af1  exit                           
00002b39  xTaskCheckForTimeOut           
00002b8d  GPIOPinConfigure               
00002bd9  cmd_eight                      
00002c25  cmd_feight                     
00002c71  cmd_fiftynine                  
00002d09  copy_in                        
00002d55  xQueueCreateMutex              
00002da1  UARTwrite                      
00002de9  vPortFree                      
00002e6d  __aeabi_uidiv                  
00002e6d  __aeabi_uidivmod               
00002ead  xPortStartScheduler            
00002eed  SSIConfigSetExpClk             
00002f29  xQueueGenericCreate            
00002f9f  vListInsert                    
00002fd7  vApplicationStackOverflowHook  
00002fd9  IntRegister                    
0000300d  SysCtlPeripheralEnable         
00003041  check_prime                    
00003075  acmd                           
000030a5  cmd_fiftyfive                  
000030d5  cmd_ten                        
00003135  ADCIntStatus                   
00003163  GPIODirModeSet                 
00003191  xPortSysTickHandler            
000031e5  pxPortInitialiseStack          
00003233  uxListRemove                   
00003253  ADCSequenceDataGet             
0000328d  vPortEnterCritical             
000032a9  UARTprintf                     
000032dd  ADCProcessorTrigger            
000032f5  GPIOIntRegister                
0000330d  GPIOPinTypeGPIOOutput          
00003325  pvTaskIncrementMutexHeldCount  
0000333d  _args_main                     
00003355  strcmp                         
0000336d  vListInsertEnd                 
00003385  vPortExitCritical              
0000339d  vTaskSetTimeOutState           
000033b5  GPIOPinTypeGPIOInput           
000033cb  GPIOPinTypeSSI                 
000033e1  vListInitialise                
000033f9  RGBIntensitySet                
0000340d  _register_unlock               
00003413  _register_lock                 
0000341b  _nop                           
00003421  strcpy                         
00003435  vPortSetupTimerInterrupt       
00003449  SSIDataGetNonBlocking          
0000347d  vTaskSuspendAll                
0000348d  ADCSequenceEnable              
0000349b  GPIOIntStatus                  
000034a9  __TI_decompress_none           
000034b7  GPIOIntEnable                  
000034c3  SSIDataGet                     
000034cf  __TI_zero_init                 
000034dd  vTaskMissedYield               
000034e9  xTaskGetTickCount              
000034f5  ADCIntClear                    
000034ff  SSIDataPut                     
00003509  SSIEnable                      
00003513  SSIBusy                        
00003523  GPIOIntClear                   
00003529  GPIOPinWrite                   
0000352f  ResetISR                       
00003535  SysCtlDelay                    
0000353b  UARTClockSourceSet             
00003541  vListInitialiseItem            
00003547  _system_pre_init               
00003828  ulMaxSyscallInterruptPriority  
000038a0  __TI_Handler_Table_Base        
000038ac  __TI_Handler_Table_Limit       
000038c0  __TI_CINIT_Base                
000038d8  __TI_CINIT_Limit               
20000000  g_pfnRAMVectors                
200078dc  g_sAppState                    
2000798c  g_pUARTSemaphore               
20007990  morse                          
20007994  qz                             
20007998  share                          
2000799c  sp                             
200079a0  xTask1                         
200079a4  xTask2                         
200079a8  xTask3                         
200079ac  xTask4                         
200079b0  __stack                        
20007bb0  __STACK_END                    
20007bb0  __STACK_TOP                    
20007bb0  str1                           
20007c18  pxCurrentTCB                   
20007c48  morseout                       
20007c4c  rt                             
20007c50  pq                             
20007c54  counter                        
20007c58  g                              
20007c5c  __TI_cleanup_ptr               
20007c60  __TI_dtors_ptr                 
20007c64  __TI_enable_exit_profile_output
20007c74  str                            
20007c80  _lock                          
20007c84  _unlock                        
20007ca0  main_func_sp                   
ffffffff  __TI_pprof_out_hndl            
ffffffff  __TI_prof_data_size            
ffffffff  __TI_prof_data_start           
ffffffff  __binit__                      
ffffffff  __c_args__                     
ffffffff  binit                          
UNDEFED   SHT$$INIT_ARRAY$$Base          
UNDEFED   SHT$$INIT_ARRAY$$Limit         

[172 symbols]
