<?xml version="1.0"?>
<link_info>
   <banner>TI ARM Linker PC v16.9.1.LTS</banner>
   <copyright>Copyright (c) 1996-2015 Texas Instruments Incorporated</copyright>
   <link_time>0x590d28ed</link_time>
   <link_errors>0x0</link_errors>
   <output_file>freertos_demo.out</output_file>
   <entry_point>
      <name>_c_int00</name>
      <address>0x2a91</address>
   </entry_point>
   <input_file_list>
      <input_file id="fl-2">
         <path>.\</path>
         <kind>object</kind>
         <file>freertos_demo.obj</file>
         <name>freertos_demo.obj</name>
      </input_file>
      <input_file id="fl-3">
         <path>.\</path>
         <kind>object</kind>
         <file>led_task.obj</file>
         <name>led_task.obj</name>
      </input_file>
      <input_file id="fl-4">
         <path>.\</path>
         <kind>object</kind>
         <file>sdcard.obj</file>
         <name>sdcard.obj</name>
      </input_file>
      <input_file id="fl-5">
         <path>.\</path>
         <kind>object</kind>
         <file>ssi.obj</file>
         <name>ssi.obj</name>
      </input_file>
      <input_file id="fl-6">
         <path>.\</path>
         <kind>object</kind>
         <file>startup_ccs.obj</file>
         <name>startup_ccs.obj</name>
      </input_file>
      <input_file id="fl-7">
         <path>.\</path>
         <kind>object</kind>
         <file>switch_task.obj</file>
         <name>switch_task.obj</name>
      </input_file>
      <input_file id="fl-8">
         <path>.\drivers\</path>
         <kind>object</kind>
         <file>buttons.obj</file>
         <name>buttons.obj</name>
      </input_file>
      <input_file id="fl-9">
         <path>.\drivers\</path>
         <kind>object</kind>
         <file>rgb.obj</file>
         <name>rgb.obj</name>
      </input_file>
      <input_file id="fl-a">
         <path>.\third_party\FreeRTOS\Source\</path>
         <kind>object</kind>
         <file>list.obj</file>
         <name>list.obj</name>
      </input_file>
      <input_file id="fl-b">
         <path>.\third_party\FreeRTOS\Source\</path>
         <kind>object</kind>
         <file>queue.obj</file>
         <name>queue.obj</name>
      </input_file>
      <input_file id="fl-c">
         <path>.\third_party\FreeRTOS\Source\</path>
         <kind>object</kind>
         <file>tasks.obj</file>
         <name>tasks.obj</name>
      </input_file>
      <input_file id="fl-d">
         <path>.\third_party\FreeRTOS\Source\portable\CCS\ARM_CM4F\</path>
         <kind>object</kind>
         <file>port.obj</file>
         <name>port.obj</name>
      </input_file>
      <input_file id="fl-e">
         <path>.\third_party\FreeRTOS\Source\portable\CCS\ARM_CM4F\</path>
         <kind>object</kind>
         <file>portasm.obj</file>
         <name>portasm.obj</name>
      </input_file>
      <input_file id="fl-f">
         <path>.\third_party\FreeRTOS\Source\portable\MemMang\</path>
         <kind>object</kind>
         <file>heap_2.obj</file>
         <name>heap_2.obj</name>
      </input_file>
      <input_file id="fl-10">
         <path>.\utils\</path>
         <kind>object</kind>
         <file>uartstdio.obj</file>
         <name>uartstdio.obj</name>
      </input_file>
      <input_file id="fl-11">
         <path>.\utils\</path>
         <kind>object</kind>
         <file>ustdlib.obj</file>
         <name>ustdlib.obj</name>
      </input_file>
      <input_file id="fl-cc">
         <path>C:\ti\ccsv7\tools\compiler\ti-cgt-arm_16.9.1.LTS\lib\</path>
         <kind>archive</kind>
         <file>rtsv7M4_T_le_v4SPD16_eabi.lib</file>
         <name>boot.obj</name>
      </input_file>
      <input_file id="fl-cd">
         <path>C:\ti\ccsv7\tools\compiler\ti-cgt-arm_16.9.1.LTS\lib\</path>
         <kind>archive</kind>
         <file>rtsv7M4_T_le_v4SPD16_eabi.lib</file>
         <name>copy_decompress_lzss.obj</name>
      </input_file>
      <input_file id="fl-ce">
         <path>C:\ti\ccsv7\tools\compiler\ti-cgt-arm_16.9.1.LTS\lib\</path>
         <kind>archive</kind>
         <file>rtsv7M4_T_le_v4SPD16_eabi.lib</file>
         <name>copy_decompress_none.obj</name>
      </input_file>
      <input_file id="fl-cf">
         <path>C:\ti\ccsv7\tools\compiler\ti-cgt-arm_16.9.1.LTS\lib\</path>
         <kind>archive</kind>
         <file>rtsv7M4_T_le_v4SPD16_eabi.lib</file>
         <name>copy_zero_init.obj</name>
      </input_file>
      <input_file id="fl-d0">
         <path>C:\ti\ccsv7\tools\compiler\ti-cgt-arm_16.9.1.LTS\lib\</path>
         <kind>archive</kind>
         <file>rtsv7M4_T_le_v4SPD16_eabi.lib</file>
         <name>exit.obj</name>
      </input_file>
      <input_file id="fl-d1">
         <path>C:\ti\ccsv7\tools\compiler\ti-cgt-arm_16.9.1.LTS\lib\</path>
         <kind>archive</kind>
         <file>rtsv7M4_T_le_v4SPD16_eabi.lib</file>
         <name>fs_toull_t2.obj</name>
      </input_file>
      <input_file id="fl-d2">
         <path>C:\ti\ccsv7\tools\compiler\ti-cgt-arm_16.9.1.LTS\lib\</path>
         <kind>archive</kind>
         <file>rtsv7M4_T_le_v4SPD16_eabi.lib</file>
         <name>memcpy_t2.obj</name>
      </input_file>
      <input_file id="fl-d3">
         <path>C:\ti\ccsv7\tools\compiler\ti-cgt-arm_16.9.1.LTS\lib\</path>
         <kind>archive</kind>
         <file>rtsv7M4_T_le_v4SPD16_eabi.lib</file>
         <name>memset_t2.obj</name>
      </input_file>
      <input_file id="fl-d4">
         <path>C:\ti\ccsv7\tools\compiler\ti-cgt-arm_16.9.1.LTS\lib\</path>
         <kind>archive</kind>
         <file>rtsv7M4_T_le_v4SPD16_eabi.lib</file>
         <name>mpu_init.obj</name>
      </input_file>
      <input_file id="fl-d5">
         <path>C:\ti\ccsv7\tools\compiler\ti-cgt-arm_16.9.1.LTS\lib\</path>
         <kind>archive</kind>
         <file>rtsv7M4_T_le_v4SPD16_eabi.lib</file>
         <name>pre_init.obj</name>
      </input_file>
      <input_file id="fl-d6">
         <path>C:\ti\ccsv7\tools\compiler\ti-cgt-arm_16.9.1.LTS\lib\</path>
         <kind>archive</kind>
         <file>rtsv7M4_T_le_v4SPD16_eabi.lib</file>
         <name>stkdepth_vars.obj</name>
      </input_file>
      <input_file id="fl-d7">
         <path>C:\ti\ccsv7\tools\compiler\ti-cgt-arm_16.9.1.LTS\lib\</path>
         <kind>archive</kind>
         <file>rtsv7M4_T_le_v4SPD16_eabi.lib</file>
         <name>strcmp.obj</name>
      </input_file>
      <input_file id="fl-d8">
         <path>C:\ti\ccsv7\tools\compiler\ti-cgt-arm_16.9.1.LTS\lib\</path>
         <kind>archive</kind>
         <file>rtsv7M4_T_le_v4SPD16_eabi.lib</file>
         <name>strcpy.obj</name>
      </input_file>
      <input_file id="fl-d9">
         <path>C:\ti\ccsv7\tools\compiler\ti-cgt-arm_16.9.1.LTS\lib\</path>
         <kind>archive</kind>
         <file>rtsv7M4_T_le_v4SPD16_eabi.lib</file>
         <name>u_divt2.obj</name>
      </input_file>
      <input_file id="fl-da">
         <path>C:\ti\ccsv7\tools\compiler\ti-cgt-arm_16.9.1.LTS\lib\</path>
         <kind>archive</kind>
         <file>rtsv7M4_T_le_v4SPD16_eabi.lib</file>
         <name>_lock.obj</name>
      </input_file>
      <input_file id="fl-db">
         <path>C:\ti\ccsv7\tools\compiler\ti-cgt-arm_16.9.1.LTS\lib\</path>
         <kind>archive</kind>
         <file>rtsv7M4_T_le_v4SPD16_eabi.lib</file>
         <name>args_main.obj</name>
      </input_file>
      <input_file id="fl-dc">
         <path>C:\ti\ccsv7\tools\compiler\ti-cgt-arm_16.9.1.LTS\lib\</path>
         <kind>archive</kind>
         <file>rtsv7M4_T_le_v4SPD16_eabi.lib</file>
         <name>autoinit.obj</name>
      </input_file>
      <input_file id="fl-dd">
         <path>C:\ti\ccsv7\tools\compiler\ti-cgt-arm_16.9.1.LTS\lib\</path>
         <kind>archive</kind>
         <file>rtsv7M4_T_le_v4SPD16_eabi.lib</file>
         <name>cpy_tbl.obj</name>
      </input_file>
      <input_file id="fl-de">
         <path>C:\ti\ccsv7\tools\compiler\ti-cgt-arm_16.9.1.LTS\lib\</path>
         <kind>archive</kind>
         <file>rtsv7M4_T_le_v4SPD16_eabi.lib</file>
         <name>i_div0.obj</name>
      </input_file>
      <input_file id="fl-df">
         <path>C:\ti\ccsv7\tools\compiler\ti-cgt-arm_16.9.1.LTS\lib\</path>
         <kind>archive</kind>
         <file>rtsv7M4_T_le_v4SPD16_eabi.lib</file>
         <name>startup.obj</name>
      </input_file>
      <input_file id="fl-e0">
         <path>C:\ti\TivaWare_C_Series-2.1.3.156\driverlib\ccs\Debug\</path>
         <kind>archive</kind>
         <file>driverlib.lib</file>
         <name>adc.obj</name>
      </input_file>
      <input_file id="fl-e1">
         <path>C:\ti\TivaWare_C_Series-2.1.3.156\driverlib\ccs\Debug\</path>
         <kind>archive</kind>
         <file>driverlib.lib</file>
         <name>interrupt.obj</name>
      </input_file>
      <input_file id="fl-e2">
         <path>C:\ti\TivaWare_C_Series-2.1.3.156\driverlib\ccs\Debug\</path>
         <kind>archive</kind>
         <file>driverlib.lib</file>
         <name>sysctl.obj</name>
      </input_file>
      <input_file id="fl-e3">
         <path>C:\ti\TivaWare_C_Series-2.1.3.156\driverlib\ccs\Debug\</path>
         <kind>archive</kind>
         <file>driverlib.lib</file>
         <name>uart.obj</name>
      </input_file>
      <input_file id="fl-e4">
         <path>C:\ti\TivaWare_C_Series-2.1.3.156\driverlib\ccs\Debug\</path>
         <kind>archive</kind>
         <file>driverlib.lib</file>
         <name>cpu.obj</name>
      </input_file>
   </input_file_list>
   <object_component_list>
      <object_component id="oc-f">
         <name>.intvecs</name>
         <load_address>0x0</load_address>
         <run_address>0x0</run_address>
         <size>0x26c</size>
         <input_file_ref idref="fl-6"/>
      </object_component>
      <object_component id="oc-2a4">
         <name>.text:Task1</name>
         <load_address>0x26c</load_address>
         <run_address>0x26c</run_address>
         <size>0x3a8</size>
         <input_file_ref idref="fl-3"/>
      </object_component>
      <object_component id="oc-2ab">
         <name>.text:Task2</name>
         <load_address>0x614</load_address>
         <run_address>0x614</run_address>
         <size>0x254</size>
         <input_file_ref idref="fl-3"/>
      </object_component>
      <object_component id="oc-16c">
         <name>.text:LEDTaskInit</name>
         <load_address>0x868</load_address>
         <run_address>0x868</run_address>
         <size>0x24c</size>
         <input_file_ref idref="fl-3"/>
      </object_component>
      <object_component id="oc-237">
         <name>.text:UARTvprintf</name>
         <load_address>0xab4</load_address>
         <run_address>0xab4</run_address>
         <size>0x1ea</size>
         <input_file_ref idref="fl-10"/>
      </object_component>
      <object_component id="oc-37">
         <name>.text:FaultISR</name>
         <load_address>0xc9e</load_address>
         <run_address>0xc9e</run_address>
         <size>0x2</size>
         <input_file_ref idref="fl-6"/>
      </object_component>
      <object_component id="oc-2b2">
         <name>.text:Task3</name>
         <load_address>0xca0</load_address>
         <run_address>0xca0</run_address>
         <size>0x13c</size>
         <input_file_ref idref="fl-3"/>
      </object_component>
      <object_component id="oc-2b9">
         <name>.text:Task4</name>
         <load_address>0xddc</load_address>
         <run_address>0xddc</run_address>
         <size>0x138</size>
         <input_file_ref idref="fl-3"/>
      </object_component>
      <object_component id="oc-1e3">
         <name>.text:GPIOPadConfigSet</name>
         <load_address>0xf14</load_address>
         <run_address>0xf14</run_address>
         <size>0x132</size>
         <input_file_ref idref="fl-3"/>
      </object_component>
      <object_component id="oc-3d">
         <name>.text:IntDefaultHandler</name>
         <load_address>0x1046</load_address>
         <run_address>0x1046</run_address>
         <size>0x2</size>
         <input_file_ref idref="fl-6"/>
      </object_component>
      <object_component id="oc-28e">
         <name>.text:xQueueGenericReceive</name>
         <load_address>0x1048</load_address>
         <run_address>0x1048</run_address>
         <size>0x118</size>
         <input_file_ref idref="fl-b"/>
      </object_component>
      <object_component id="oc-db">
         <name>.text:main</name>
         <load_address>0x1160</load_address>
         <run_address>0x1160</run_address>
         <size>0x114</size>
         <input_file_ref idref="fl-2"/>
      </object_component>
      <object_component id="oc-464">
         <name>.text:compare</name>
         <load_address>0x1274</load_address>
         <run_address>0x1274</run_address>
         <size>0x110</size>
         <input_file_ref idref="fl-3"/>
      </object_component>
      <object_component id="oc-25e">
         <name>.text:RGBInit</name>
         <load_address>0x1384</load_address>
         <run_address>0x1384</run_address>
         <size>0x104</size>
         <input_file_ref idref="fl-9"/>
      </object_component>
      <object_component id="oc-288">
         <name>.text:xTaskGenericCreate</name>
         <load_address>0x1488</load_address>
         <run_address>0x1488</run_address>
         <size>0x104</size>
         <input_file_ref idref="fl-c"/>
      </object_component>
      <object_component id="oc-a7">
         <name>.text:xTaskIncrementTick</name>
         <load_address>0x158c</load_address>
         <run_address>0x158c</run_address>
         <size>0x104</size>
         <input_file_ref idref="fl-c"/>
      </object_component>
      <object_component id="oc-294">
         <name>.text:PortFIntHandler</name>
         <load_address>0x1690</load_address>
         <run_address>0x1690</run_address>
         <size>0x100</size>
         <input_file_ref idref="fl-3"/>
      </object_component>
      <object_component id="oc-416">
         <name>.text:SysCtlClockSet</name>
         <load_address>0x1790</load_address>
         <run_address>0x1790</run_address>
         <size>0xf4</size>
         <input_file_ref idref="fl-e2"/>
      </object_component>
      <object_component id="oc-15a">
         <name>.text:sdcard_init</name>
         <load_address>0x1884</load_address>
         <run_address>0x1884</run_address>
         <size>0xec</size>
         <input_file_ref idref="fl-4"/>
      </object_component>
      <object_component id="oc-250">
         <name>.text:xQueueGenericSend</name>
         <load_address>0x1970</load_address>
         <run_address>0x1970</run_address>
         <size>0xe8</size>
         <input_file_ref idref="fl-b"/>
      </object_component>
      <object_component id="oc-33f">
         <name>.text:xTaskResumeAll</name>
         <load_address>0x1a58</load_address>
         <run_address>0x1a58</run_address>
         <size>0xe4</size>
         <input_file_ref idref="fl-c"/>
      </object_component>
      <object_component id="oc-43">
         <name>.text</name>
         <load_address>0x1b3c</load_address>
         <run_address>0x1b3c</run_address>
         <size>0xd2</size>
         <input_file_ref idref="fl-e"/>
      </object_component>
      <object_component id="oc-31">
         <name>.text:NmiSR</name>
         <load_address>0x1c0e</load_address>
         <run_address>0x1c0e</run_address>
         <size>0x2</size>
         <input_file_ref idref="fl-6"/>
      </object_component>
      <object_component id="oc-43a">
         <name>.text:vTaskPrioritySet</name>
         <load_address>0x1c10</load_address>
         <run_address>0x1c10</run_address>
         <size>0xc4</size>
         <input_file_ref idref="fl-c"/>
      </object_component>
      <object_component id="oc-38f">
         <name>.text:RGBEnable</name>
         <load_address>0x1cd4</load_address>
         <run_address>0x1cd4</run_address>
         <size>0xc0</size>
         <input_file_ref idref="fl-9"/>
      </object_component>
      <object_component id="oc-244">
         <name>.text:pvPortMalloc</name>
         <load_address>0x1d94</load_address>
         <run_address>0x1d94</run_address>
         <size>0xac</size>
         <input_file_ref idref="fl-f"/>
      </object_component>
      <object_component id="oc-5c">
         <name>.text</name>
         <load_address>0x1e40</load_address>
         <run_address>0x1e40</run_address>
         <size>0x9c</size>
         <input_file_ref idref="fl-d2"/>
      </object_component>
      <object_component id="oc-3e0">
         <name>.text:vTaskPriorityInherit</name>
         <load_address>0x1edc</load_address>
         <run_address>0x1edc</run_address>
         <size>0x94</size>
         <input_file_ref idref="fl-c"/>
      </object_component>
      <object_component id="oc-397">
         <name>.text:RGBColorSet</name>
         <load_address>0x1f70</load_address>
         <run_address>0x1f70</run_address>
         <size>0x90</size>
         <input_file_ref idref="fl-9"/>
      </object_component>
      <object_component id="oc-45c">
         <name>.text:cmd_twentyfour</name>
         <load_address>0x2000</load_address>
         <run_address>0x2000</run_address>
         <size>0x8c</size>
         <input_file_ref idref="fl-4"/>
      </object_component>
      <object_component id="oc-a0">
         <name>.text:vTaskSwitchContext</name>
         <load_address>0x208c</load_address>
         <run_address>0x208c</run_address>
         <size>0x8c</size>
         <input_file_ref idref="fl-c"/>
      </object_component>
      <object_component id="oc-42e">
         <name>.text:vTaskDelayUntil</name>
         <load_address>0x2118</load_address>
         <run_address>0x2118</run_address>
         <size>0x84</size>
         <input_file_ref idref="fl-c"/>
      </object_component>
      <object_component id="oc-3ba">
         <name>.text:xQueueGenericReset</name>
         <load_address>0x219c</load_address>
         <run_address>0x219c</run_address>
         <size>0x84</size>
         <input_file_ref idref="fl-b"/>
      </object_component>
      <object_component id="oc-29a">
         <name>.text:PortCIntHandler</name>
         <load_address>0x2220</load_address>
         <run_address>0x2220</run_address>
         <size>0x80</size>
         <input_file_ref idref="fl-3"/>
      </object_component>
      <object_component id="oc-4ce">
         <name>.text:xTaskPriorityDisinherit</name>
         <load_address>0x22a0</load_address>
         <run_address>0x22a0</run_address>
         <size>0x7c</size>
         <input_file_ref idref="fl-c"/>
      </object_component>
      <object_component id="oc-422">
         <name>.text:ADCSequenceStepConfigure</name>
         <load_address>0x231c</load_address>
         <run_address>0x231c</run_address>
         <size>0x7a</size>
         <input_file_ref idref="fl-e0"/>
      </object_component>
      <object_component id="oc-68">
         <name>.text</name>
         <load_address>0x2396</load_address>
         <run_address>0x2396</run_address>
         <size>0x7a</size>
         <input_file_ref idref="fl-d3"/>
      </object_component>
      <object_component id="oc-381">
         <name>.text:xTaskRemoveFromEventList</name>
         <load_address>0x2410</load_address>
         <run_address>0x2410</run_address>
         <size>0x74</size>
         <input_file_ref idref="fl-c"/>
      </object_component>
      <object_component id="oc-37b">
         <name>.text:prvCopyDataToQueue</name>
         <load_address>0x2484</load_address>
         <run_address>0x2484</run_address>
         <size>0x72</size>
         <input_file_ref idref="fl-b"/>
      </object_component>
      <object_component id="oc-495">
         <name>.text</name>
         <load_address>0x24f6</load_address>
         <run_address>0x24f6</run_address>
         <size>0x2</size>
         <input_file_ref idref="fl-de"/>
      </object_component>
      <object_component id="oc-80">
         <name>.text</name>
         <load_address>0x24f8</load_address>
         <run_address>0x24f8</run_address>
         <size>0x70</size>
         <input_file_ref idref="fl-dc"/>
      </object_component>
      <object_component id="oc-3b2">
         <name>.text:IntEnable</name>
         <load_address>0x2568</load_address>
         <run_address>0x2568</run_address>
         <size>0x68</size>
         <input_file_ref idref="fl-e1"/>
      </object_component>
      <object_component id="oc-12">
         <name>.text:decompress:lzss</name>
         <load_address>0x25d0</load_address>
         <run_address>0x25d0</run_address>
         <size>0x68</size>
         <input_file_ref idref="fl-cd"/>
      </object_component>
      <object_component id="oc-12a">
         <name>.text:ConfigureUART</name>
         <load_address>0x2638</load_address>
         <run_address>0x2638</run_address>
         <size>0x64</size>
         <input_file_ref idref="fl-2"/>
      </object_component>
      <object_component id="oc-375">
         <name>.text:vTaskPlaceOnEventList</name>
         <load_address>0x269c</load_address>
         <run_address>0x269c</run_address>
         <size>0x64</size>
         <input_file_ref idref="fl-c"/>
      </object_component>
      <object_component id="oc-369">
         <name>.text:prvUnlockQueue</name>
         <load_address>0x2700</load_address>
         <run_address>0x2700</run_address>
         <size>0x62</size>
         <input_file_ref idref="fl-b"/>
      </object_component>
      <object_component id="oc-74">
         <name>.text</name>
         <load_address>0x2762</load_address>
         <run_address>0x2762</run_address>
         <size>0x2</size>
         <input_file_ref idref="fl-d4"/>
      </object_component>
      <object_component id="oc-1d0">
         <name>.text:UARTStdioConfig</name>
         <load_address>0x2764</load_address>
         <run_address>0x2764</run_address>
         <size>0x60</size>
         <input_file_ref idref="fl-10"/>
      </object_component>
      <object_component id="oc-3d3">
         <name>.text:prvInitialiseTaskLists</name>
         <load_address>0x27c4</load_address>
         <run_address>0x27c4</run_address>
         <size>0x60</size>
         <input_file_ref idref="fl-c"/>
      </object_component>
      <object_component id="oc-172">
         <name>.text:vTaskStartScheduler</name>
         <load_address>0x2824</load_address>
         <run_address>0x2824</run_address>
         <size>0x60</size>
         <input_file_ref idref="fl-c"/>
      </object_component>
      <object_component id="oc-41c">
         <name>.text:ADCSequenceConfigure</name>
         <load_address>0x2884</load_address>
         <run_address>0x2884</run_address>
         <size>0x58</size>
         <input_file_ref idref="fl-e0"/>
      </object_component>
      <object_component id="oc-270">
         <name>.text:GPIOIntTypeSet</name>
         <load_address>0x28dc</load_address>
         <run_address>0x28dc</run_address>
         <size>0x58</size>
         <input_file_ref idref="fl-3"/>
      </object_component>
      <object_component id="oc-201">
         <name>.text:cmd_zero</name>
         <load_address>0x2934</load_address>
         <run_address>0x2934</run_address>
         <size>0x58</size>
         <input_file_ref idref="fl-4"/>
      </object_component>
      <object_component id="oc-475">
         <name>.text:prvCheckTasksWaitingTermination</name>
         <load_address>0x298c</load_address>
         <run_address>0x298c</run_address>
         <size>0x58</size>
         <input_file_ref idref="fl-c"/>
      </object_component>
      <object_component id="oc-408">
         <name>.text:xQueueGiveFromISR</name>
         <load_address>0x29e4</load_address>
         <run_address>0x29e4</run_address>
         <size>0x56</size>
         <input_file_ref idref="fl-b"/>
      </object_component>
      <object_component id="oc-3c7">
         <name>.text:prvInitialiseTCBVariables</name>
         <load_address>0x2a3a</load_address>
         <run_address>0x2a3a</run_address>
         <size>0x54</size>
         <input_file_ref idref="fl-c"/>
      </object_component>
      <object_component id="oc-d3">
         <name>.text</name>
         <load_address>0x2a8e</load_address>
         <run_address>0x2a8e</run_address>
         <size>0x2</size>
         <input_file_ref idref="fl-df"/>
      </object_component>
      <object_component id="oc-24">
         <name>.text</name>
         <load_address>0x2a90</load_address>
         <run_address>0x2a90</run_address>
         <size>0x54</size>
         <input_file_ref idref="fl-cc"/>
      </object_component>
      <object_component id="oc-8c">
         <name>.text</name>
         <load_address>0x2ae4</load_address>
         <run_address>0x2ae4</run_address>
         <size>0x54</size>
         <input_file_ref idref="fl-d0"/>
      </object_component>
      <object_component id="oc-363">
         <name>.text:xTaskCheckForTimeOut</name>
         <load_address>0x2b38</load_address>
         <run_address>0x2b38</run_address>
         <size>0x54</size>
         <input_file_ref idref="fl-c"/>
      </object_component>
      <object_component id="oc-136">
         <name>.text:GPIOPinConfigure</name>
         <load_address>0x2b8c</load_address>
         <run_address>0x2b8c</run_address>
         <size>0x4c</size>
         <input_file_ref idref="fl-3"/>
      </object_component>
      <object_component id="oc-207">
         <name>.text:cmd_eight</name>
         <load_address>0x2bd8</load_address>
         <run_address>0x2bd8</run_address>
         <size>0x4c</size>
         <input_file_ref idref="fl-4"/>
      </object_component>
      <object_component id="oc-20d">
         <name>.text:cmd_feight</name>
         <load_address>0x2c24</load_address>
         <run_address>0x2c24</run_address>
         <size>0x4c</size>
         <input_file_ref idref="fl-4"/>
      </object_component>
      <object_component id="oc-225">
         <name>.text:cmd_fiftynine</name>
         <load_address>0x2c70</load_address>
         <run_address>0x2c70</run_address>
         <size>0x4c</size>
         <input_file_ref idref="fl-4"/>
      </object_component>
      <object_component id="oc-4c4">
         <name>.text:prvAddCurrentTaskToDelayedList</name>
         <load_address>0x2cbc</load_address>
         <run_address>0x2cbc</run_address>
         <size>0x4c</size>
         <input_file_ref idref="fl-c"/>
      </object_component>
      <object_component id="oc-cd">
         <name>.text</name>
         <load_address>0x2d08</load_address>
         <run_address>0x2d08</run_address>
         <size>0x4c</size>
         <input_file_ref idref="fl-dd"/>
      </object_component>
      <object_component id="oc-166">
         <name>.text:xQueueCreateMutex</name>
         <load_address>0x2d54</load_address>
         <run_address>0x2d54</run_address>
         <size>0x4c</size>
         <input_file_ref idref="fl-b"/>
      </object_component>
      <object_component id="oc-325">
         <name>.text:UARTwrite</name>
         <load_address>0x2da0</load_address>
         <run_address>0x2da0</run_address>
         <size>0x48</size>
         <input_file_ref idref="fl-10"/>
      </object_component>
      <object_component id="oc-4ef">
         <name>.text:vPortFree</name>
         <load_address>0x2de8</load_address>
         <run_address>0x2de8</run_address>
         <size>0x44</size>
         <input_file_ref idref="fl-f"/>
      </object_component>
      <object_component id="oc-3a6">
         <name>.text:_GPIOIntNumberGet</name>
         <load_address>0x2e2c</load_address>
         <run_address>0x2e2c</run_address>
         <size>0x40</size>
         <input_file_ref idref="fl-3"/>
      </object_component>
      <object_component id="oc-32b">
         <name>.text</name>
         <load_address>0x2e6c</load_address>
         <run_address>0x2e6c</run_address>
         <size>0x40</size>
         <input_file_ref idref="fl-d9"/>
      </object_component>
      <object_component id="oc-2c0">
         <name>.text:xPortStartScheduler</name>
         <load_address>0x2eac</load_address>
         <run_address>0x2eac</run_address>
         <size>0x40</size>
         <input_file_ref idref="fl-d"/>
      </object_component>
      <object_component id="oc-148">
         <name>.text:SSIConfigSetExpClk</name>
         <load_address>0x2eec</load_address>
         <run_address>0x2eec</run_address>
         <size>0x3c</size>
         <input_file_ref idref="fl-5"/>
      </object_component>
      <object_component id="oc-282">
         <name>.text:xQueueGenericCreate</name>
         <load_address>0x2f28</load_address>
         <run_address>0x2f28</run_address>
         <size>0x3c</size>
         <input_file_ref idref="fl-b"/>
      </object_component>
      <object_component id="oc-3c1">
         <name>.text:prvAllocateTCBAndStack</name>
         <load_address>0x2f64</load_address>
         <run_address>0x2f64</run_address>
         <size>0x3a</size>
         <input_file_ref idref="fl-c"/>
      </object_component>
      <object_component id="oc-4be">
         <name>.text:vListInsert</name>
         <load_address>0x2f9e</load_address>
         <run_address>0x2f9e</run_address>
         <size>0x38</size>
         <input_file_ref idref="fl-a"/>
      </object_component>
      <object_component id="oc-f9">
         <name>.text:vApplicationStackOverflowHook</name>
         <load_address>0x2fd6</load_address>
         <run_address>0x2fd6</run_address>
         <size>0x2</size>
         <input_file_ref idref="fl-2"/>
      </object_component>
      <object_component id="oc-3ac">
         <name>.text:IntRegister</name>
         <load_address>0x2fd8</load_address>
         <run_address>0x2fd8</run_address>
         <size>0x34</size>
         <input_file_ref idref="fl-e1"/>
      </object_component>
      <object_component id="oc-130">
         <name>.text:SysCtlPeripheralEnable</name>
         <load_address>0x300c</load_address>
         <run_address>0x300c</run_address>
         <size>0x34</size>
         <input_file_ref idref="fl-e2"/>
      </object_component>
      <object_component id="oc-434">
         <name>.text:check_prime</name>
         <load_address>0x3040</load_address>
         <run_address>0x3040</run_address>
         <size>0x32</size>
         <input_file_ref idref="fl-3"/>
      </object_component>
      <object_component id="oc-219">
         <name>.text:acmd</name>
         <load_address>0x3074</load_address>
         <run_address>0x3074</run_address>
         <size>0x30</size>
         <input_file_ref idref="fl-4"/>
      </object_component>
      <object_component id="oc-213">
         <name>.text:cmd_fiftyfive</name>
         <load_address>0x30a4</load_address>
         <run_address>0x30a4</run_address>
         <size>0x30</size>
         <input_file_ref idref="fl-4"/>
      </object_component>
      <object_component id="oc-22b">
         <name>.text:cmd_ten</name>
         <load_address>0x30d4</load_address>
         <run_address>0x30d4</run_address>
         <size>0x30</size>
         <input_file_ref idref="fl-4"/>
      </object_component>
      <object_component id="oc-339">
         <name>.text:prvHeapInit</name>
         <load_address>0x3104</load_address>
         <run_address>0x3104</run_address>
         <size>0x30</size>
         <input_file_ref idref="fl-f"/>
      </object_component>
      <object_component id="oc-44c">
         <name>.text:ADCIntStatus</name>
         <load_address>0x3134</load_address>
         <run_address>0x3134</run_address>
         <size>0x2e</size>
         <input_file_ref idref="fl-e0"/>
      </object_component>
      <object_component id="oc-1dd">
         <name>.text:GPIODirModeSet</name>
         <load_address>0x3162</load_address>
         <run_address>0x3162</run_address>
         <size>0x2c</size>
         <input_file_ref idref="fl-3"/>
      </object_component>
      <object_component id="oc-48">
         <name>.text:xPortSysTickHandler</name>
         <load_address>0x3190</load_address>
         <run_address>0x3190</run_address>
         <size>0x2c</size>
         <input_file_ref idref="fl-d"/>
      </object_component>
      <object_component id="oc-103">
         <name>.text:prvResetNextTaskUnblockTime</name>
         <load_address>0x31bc</load_address>
         <run_address>0x31bc</run_address>
         <size>0x28</size>
         <input_file_ref idref="fl-c"/>
      </object_component>
      <object_component id="oc-3cd">
         <name>.text:pxPortInitialiseStack</name>
         <load_address>0x31e4</load_address>
         <run_address>0x31e4</run_address>
         <size>0x28</size>
         <input_file_ref idref="fl-d"/>
      </object_component>
      <object_component id="oc-3e6">
         <name>.text:prvCopyDataFromQueue</name>
         <load_address>0x320c</load_address>
         <run_address>0x320c</run_address>
         <size>0x26</size>
         <input_file_ref idref="fl-b"/>
      </object_component>
      <object_component id="oc-109">
         <name>.text:uxListRemove</name>
         <load_address>0x3232</load_address>
         <run_address>0x3232</run_address>
         <size>0x20</size>
         <input_file_ref idref="fl-a"/>
      </object_component>
      <object_component id="oc-452">
         <name>.text:ADCSequenceDataGet</name>
         <load_address>0x3252</load_address>
         <run_address>0x3252</run_address>
         <size>0x1e</size>
         <input_file_ref idref="fl-e0"/>
      </object_component>
      <object_component id="oc-36f">
         <name>.text:prvIsQueueFull</name>
         <load_address>0x3270</load_address>
         <run_address>0x3270</run_address>
         <size>0x1c</size>
         <input_file_ref idref="fl-b"/>
      </object_component>
      <object_component id="oc-35d">
         <name>.text:vPortEnterCritical</name>
         <load_address>0x328c</load_address>
         <run_address>0x328c</run_address>
         <size>0x1c</size>
         <input_file_ref idref="fl-d"/>
      </object_component>
      <object_component id="oc-160">
         <name>.text:UARTprintf</name>
         <load_address>0x32a8</load_address>
         <run_address>0x32a8</run_address>
         <size>0x1a</size>
         <input_file_ref idref="fl-10"/>
      </object_component>
      <object_component id="oc-3da">
         <name>.text:prvIsQueueEmpty</name>
         <load_address>0x32c2</load_address>
         <run_address>0x32c2</run_address>
         <size>0x1a</size>
         <input_file_ref idref="fl-b"/>
      </object_component>
      <object_component id="oc-446">
         <name>.text:ADCProcessorTrigger</name>
         <load_address>0x32dc</load_address>
         <run_address>0x32dc</run_address>
         <size>0x18</size>
         <input_file_ref idref="fl-e0"/>
      </object_component>
      <object_component id="oc-276">
         <name>.text:GPIOIntRegister</name>
         <load_address>0x32f4</load_address>
         <run_address>0x32f4</run_address>
         <size>0x18</size>
         <input_file_ref idref="fl-3"/>
      </object_component>
      <object_component id="oc-142">
         <name>.text:GPIOPinTypeGPIOOutput</name>
         <load_address>0x330c</load_address>
         <run_address>0x330c</run_address>
         <size>0x18</size>
         <input_file_ref idref="fl-3"/>
      </object_component>
      <object_component id="oc-3ec">
         <name>.text:pvTaskIncrementMutexHeldCount</name>
         <load_address>0x3324</load_address>
         <run_address>0x3324</run_address>
         <size>0x18</size>
         <input_file_ref idref="fl-c"/>
      </object_component>
      <object_component id="oc-86">
         <name>.text</name>
         <load_address>0x333c</load_address>
         <run_address>0x333c</run_address>
         <size>0x18</size>
         <input_file_ref idref="fl-db"/>
      </object_component>
      <object_component id="oc-52d">
         <name>.text</name>
         <load_address>0x3354</load_address>
         <run_address>0x3354</run_address>
         <size>0x18</size>
         <input_file_ref idref="fl-d7"/>
      </object_component>
      <object_component id="oc-10f">
         <name>.text:vListInsertEnd</name>
         <load_address>0x336c</load_address>
         <run_address>0x336c</run_address>
         <size>0x18</size>
         <input_file_ref idref="fl-a"/>
      </object_component>
      <object_component id="oc-357">
         <name>.text:vPortExitCritical</name>
         <load_address>0x3384</load_address>
         <run_address>0x3384</run_address>
         <size>0x18</size>
         <input_file_ref idref="fl-d"/>
      </object_component>
      <object_component id="oc-351">
         <name>.text:vTaskSetTimeOutState</name>
         <load_address>0x339c</load_address>
         <run_address>0x339c</run_address>
         <size>0x18</size>
         <input_file_ref idref="fl-c"/>
      </object_component>
      <object_component id="oc-26a">
         <name>.text:GPIOPinTypeGPIOInput</name>
         <load_address>0x33b4</load_address>
         <run_address>0x33b4</run_address>
         <size>0x16</size>
         <input_file_ref idref="fl-3"/>
      </object_component>
      <object_component id="oc-13c">
         <name>.text:GPIOPinTypeSSI</name>
         <load_address>0x33ca</load_address>
         <run_address>0x33ca</run_address>
         <size>0x16</size>
         <input_file_ref idref="fl-3"/>
      </object_component>
      <object_component id="oc-24a">
         <name>.text:vListInitialise</name>
         <load_address>0x33e0</load_address>
         <run_address>0x33e0</run_address>
         <size>0x16</size>
         <input_file_ref idref="fl-a"/>
      </object_component>
      <object_component id="oc-264">
         <name>.text:RGBIntensitySet</name>
         <load_address>0x33f8</load_address>
         <run_address>0x33f8</run_address>
         <size>0x14</size>
         <input_file_ref idref="fl-9"/>
      </object_component>
      <object_component id="oc-187">
         <name>.text</name>
         <load_address>0x340c</load_address>
         <run_address>0x340c</run_address>
         <size>0x14</size>
         <input_file_ref idref="fl-da"/>
      </object_component>
      <object_component id="oc-533">
         <name>.text</name>
         <load_address>0x3420</load_address>
         <run_address>0x3420</run_address>
         <size>0x14</size>
         <input_file_ref idref="fl-d8"/>
      </object_component>
      <object_component id="oc-46b">
         <name>.text:vPortSetupTimerInterrupt</name>
         <load_address>0x3434</load_address>
         <run_address>0x3434</run_address>
         <size>0x14</size>
         <input_file_ref idref="fl-d"/>
      </object_component>
      <object_component id="oc-154">
         <name>.text:SSIDataGetNonBlocking</name>
         <load_address>0x3448</load_address>
         <run_address>0x3448</run_address>
         <size>0x12</size>
         <input_file_ref idref="fl-5"/>
      </object_component>
      <object_component id="oc-541">
         <name>.text:prvDeleteTCB</name>
         <load_address>0x345a</load_address>
         <run_address>0x345a</run_address>
         <size>0x12</size>
         <input_file_ref idref="fl-c"/>
      </object_component>
      <object_component id="oc-4fd">
         <name>.text:prvTaskExitError</name>
         <load_address>0x346c</load_address>
         <run_address>0x346c</run_address>
         <size>0x10</size>
         <input_file_ref idref="fl-d"/>
      </object_component>
      <object_component id="oc-333">
         <name>.text:vTaskSuspendAll</name>
         <load_address>0x347c</load_address>
         <run_address>0x347c</run_address>
         <size>0x10</size>
         <input_file_ref idref="fl-c"/>
      </object_component>
      <object_component id="oc-428">
         <name>.text:ADCSequenceEnable</name>
         <load_address>0x348c</load_address>
         <run_address>0x348c</run_address>
         <size>0xe</size>
         <input_file_ref idref="fl-e0"/>
      </object_component>
      <object_component id="oc-3f3">
         <name>.text:GPIOIntStatus</name>
         <load_address>0x349a</load_address>
         <run_address>0x349a</run_address>
         <size>0xe</size>
         <input_file_ref idref="fl-3"/>
      </object_component>
      <object_component id="oc-18">
         <name>.text:decompress:none</name>
         <load_address>0x34a8</load_address>
         <run_address>0x34a8</run_address>
         <size>0xe</size>
         <input_file_ref idref="fl-ce"/>
      </object_component>
      <object_component id="oc-27c">
         <name>.text:GPIOIntEnable</name>
         <load_address>0x34b6</load_address>
         <run_address>0x34b6</run_address>
         <size>0xc</size>
         <input_file_ref idref="fl-3"/>
      </object_component>
      <object_component id="oc-21f">
         <name>.text:SSIDataGet</name>
         <load_address>0x34c2</load_address>
         <run_address>0x34c2</run_address>
         <size>0xc</size>
         <input_file_ref idref="fl-5"/>
      </object_component>
      <object_component id="oc-1e">
         <name>.text:decompress:ZI</name>
         <load_address>0x34ce</load_address>
         <run_address>0x34ce</run_address>
         <size>0xc</size>
         <input_file_ref idref="fl-cf"/>
      </object_component>
      <object_component id="oc-4b6">
         <name>.text:vTaskMissedYield</name>
         <load_address>0x34dc</load_address>
         <run_address>0x34dc</run_address>
         <size>0xc</size>
         <input_file_ref idref="fl-c"/>
      </object_component>
      <object_component id="oc-410">
         <name>.text:xTaskGetTickCount</name>
         <load_address>0x34e8</load_address>
         <run_address>0x34e8</run_address>
         <size>0xc</size>
         <input_file_ref idref="fl-c"/>
      </object_component>
      <object_component id="oc-440">
         <name>.text:ADCIntClear</name>
         <load_address>0x34f4</load_address>
         <run_address>0x34f4</run_address>
         <size>0xa</size>
         <input_file_ref idref="fl-e0"/>
      </object_component>
      <object_component id="oc-1f5">
         <name>.text:SSIDataPut</name>
         <load_address>0x34fe</load_address>
         <run_address>0x34fe</run_address>
         <size>0xa</size>
         <input_file_ref idref="fl-5"/>
      </object_component>
      <object_component id="oc-14e">
         <name>.text:SSIEnable</name>
         <load_address>0x3508</load_address>
         <run_address>0x3508</run_address>
         <size>0xa</size>
         <input_file_ref idref="fl-5"/>
      </object_component>
      <object_component id="oc-1fb">
         <name>.text:SSIBusy</name>
         <load_address>0x3512</load_address>
         <run_address>0x3512</run_address>
         <size>0x8</size>
         <input_file_ref idref="fl-5"/>
      </object_component>
      <object_component id="oc-2c6">
         <name>.text:prvIdleTask</name>
         <load_address>0x351a</load_address>
         <run_address>0x351a</run_address>
         <size>0x8</size>
         <input_file_ref idref="fl-c"/>
      </object_component>
      <object_component id="oc-3fa">
         <name>.text:GPIOIntClear</name>
         <load_address>0x3522</load_address>
         <run_address>0x3522</run_address>
         <size>0x6</size>
         <input_file_ref idref="fl-3"/>
      </object_component>
      <object_component id="oc-1ef">
         <name>.text:GPIOPinWrite</name>
         <load_address>0x3528</load_address>
         <run_address>0x3528</run_address>
         <size>0x6</size>
         <input_file_ref idref="fl-3"/>
      </object_component>
      <object_component id="oc-2b">
         <name>.text:ResetISR</name>
         <load_address>0x352e</load_address>
         <run_address>0x352e</run_address>
         <size>0x6</size>
         <input_file_ref idref="fl-6"/>
      </object_component>
      <object_component id="oc-3f9">
         <name>.text:SysCtlDelay</name>
         <load_address>0x3534</load_address>
         <run_address>0x3534</run_address>
         <size>0x6</size>
         <input_file_ref idref="fl-e2"/>
      </object_component>
      <object_component id="oc-1ca">
         <name>.text:UARTClockSourceSet</name>
         <load_address>0x353a</load_address>
         <run_address>0x353a</run_address>
         <size>0x6</size>
         <input_file_ref idref="fl-e3"/>
      </object_component>
      <object_component id="oc-4f6">
         <name>.text:vListInitialiseItem</name>
         <load_address>0x3540</load_address>
         <run_address>0x3540</run_address>
         <size>0x6</size>
         <input_file_ref idref="fl-a"/>
      </object_component>
      <object_component id="oc-7a">
         <name>.text</name>
         <load_address>0x3546</load_address>
         <run_address>0x3546</run_address>
         <size>0x4</size>
         <input_file_ref idref="fl-d5"/>
      </object_component>
      <object_component id="oc-4de">
         <name>.const:g_ppui32GPIOIntMapBlizzard</name>
         <load_address>0x354c</load_address>
         <run_address>0x354c</run_address>
         <size>0xc0</size>
         <input_file_ref idref="fl-3"/>
      </object_component>
      <object_component id="oc-4e1">
         <name>.const:g_ppui32GPIOIntMapSnowflake</name>
         <load_address>0x360c</load_address>
         <run_address>0x360c</run_address>
         <size>0xc0</size>
         <input_file_ref idref="fl-3"/>
      </object_component>
      <object_component id="oc-1d9">
         <name>.const:g_pui32GPIOBaseAddrs</name>
         <load_address>0x36cc</load_address>
         <run_address>0x36cc</run_address>
         <size>0x90</size>
         <input_file_ref idref="fl-3"/>
      </object_component>
      <object_component id="oc-4ea">
         <name>.const</name>
         <load_address>0x375c</load_address>
         <run_address>0x375c</run_address>
         <size>0x70</size>
         <input_file_ref idref="fl-e1"/>
      </object_component>
      <object_component id="oc-231">
         <name>.const:$P$T0$1</name>
         <load_address>0x37cc</load_address>
         <run_address>0x37cc</run_address>
         <size>0xc</size>
         <input_file_ref idref="fl-4"/>
      </object_component>
      <object_component id="oc-2ea">
         <name>.const:g_ui32UARTBase</name>
         <load_address>0x37d8</load_address>
         <run_address>0x37d8</run_address>
         <size>0xc</size>
         <input_file_ref idref="fl-10"/>
      </object_component>
      <object_component id="oc-2e7">
         <name>.const:g_ui32UARTPeriph</name>
         <load_address>0x37e4</load_address>
         <run_address>0x37e4</run_address>
         <size>0xc</size>
         <input_file_ref idref="fl-10"/>
      </object_component>
      <object_component id="oc-304">
         <name>.const:.string:$P$T1$2</name>
         <load_address>0x37f0</load_address>
         <run_address>0x37f0</run_address>
         <size>0x7</size>
         <input_file_ref idref="fl-4"/>
      </object_component>
      <object_component id="oc-310">
         <name>.const:.string:$P$T4$5</name>
         <load_address>0x37f7</load_address>
         <run_address>0x37f7</run_address>
         <size>0x7</size>
         <input_file_ref idref="fl-4"/>
      </object_component>
      <object_component id="oc-314">
         <name>.const:.string:$P$T5$6</name>
         <load_address>0x37fe</load_address>
         <run_address>0x37fe</run_address>
         <size>0x7</size>
         <input_file_ref idref="fl-4"/>
      </object_component>
      <object_component id="oc-319">
         <name>.const:.string:$P$T7$8</name>
         <load_address>0x3805</load_address>
         <run_address>0x3805</run_address>
         <size>0x7</size>
         <input_file_ref idref="fl-4"/>
      </object_component>
      <object_component id="oc-31d">
         <name>.const:.string:$P$T8$9</name>
         <load_address>0x380c</load_address>
         <run_address>0x380c</run_address>
         <size>0x7</size>
         <input_file_ref idref="fl-4"/>
      </object_component>
      <object_component id="oc-529">
         <name>.const:.string:$P$T9$10</name>
         <load_address>0x3813</load_address>
         <run_address>0x3813</run_address>
         <size>0x7</size>
         <input_file_ref idref="fl-4"/>
      </object_component>
      <object_component id="oc-308">
         <name>.const:.string:$P$T2$3</name>
         <load_address>0x381a</load_address>
         <run_address>0x381a</run_address>
         <size>0x6</size>
         <input_file_ref idref="fl-4"/>
      </object_component>
      <object_component id="oc-30c">
         <name>.const:.string:$P$T3$4</name>
         <load_address>0x3820</load_address>
         <run_address>0x3820</run_address>
         <size>0x6</size>
         <input_file_ref idref="fl-4"/>
      </object_component>
      <object_component id="oc-9d">
         <name>.const</name>
         <load_address>0x3828</load_address>
         <run_address>0x3828</run_address>
         <size>0x4</size>
         <input_file_ref idref="fl-d"/>
      </object_component>
      <object_component id="oc-597">
         <name>.cinit..data.load</name>
         <load_address>0x3830</load_address>
         <run_address>0x3830</run_address>
         <size>0x6d</size>
      </object_component>
      <object_component id="oc-594">
         <name>__TI_handler_table</name>
         <load_address>0x38a0</load_address>
         <run_address>0x38a0</run_address>
         <size>0xc</size>
      </object_component>
      <object_component id="oc-598">
         <name>.cinit..bss.load</name>
         <load_address>0x38b0</load_address>
         <run_address>0x38b0</run_address>
         <size>0x8</size>
      </object_component>
      <object_component id="oc-596">
         <name>.cinit..vtable.load</name>
         <load_address>0x38b8</load_address>
         <run_address>0x38b8</run_address>
         <size>0x8</size>
      </object_component>
      <object_component id="oc-595">
         <name>__TI_cinit_table</name>
         <load_address>0x38c0</load_address>
         <run_address>0x38c0</run_address>
         <size>0x18</size>
      </object_component>
      <object_component id="oc-4e5">
         <name>.vtable</name>
         <uninitialized>true</uninitialized>
         <run_address>0x20000000</run_address>
         <size>0x26c</size>
         <input_file_ref idref="fl-e1"/>
      </object_component>
      <object_component id="oc-404">
         <name>.data:str</name>
         <load_address>0x20007c74</load_address>
         <run_address>0x20007c74</run_address>
         <size>0xa</size>
         <input_file_ref idref="fl-3"/>
      </object_component>
      <object_component id="oc-401">
         <name>.data</name>
         <load_address>0x20007c48</load_address>
         <run_address>0x20007c48</run_address>
         <size>0x14</size>
         <input_file_ref idref="fl-3"/>
      </object_component>
      <object_component id="oc-539">
         <name>.data:str1</name>
         <load_address>0x20007bb0</load_address>
         <run_address>0x20007bb0</run_address>
         <size>0x68</size>
         <input_file_ref idref="fl-3"/>
      </object_component>
      <object_component id="oc-458">
         <name>.data:g_pui32Colors</name>
         <load_address>0x20007c68</load_address>
         <run_address>0x20007c68</run_address>
         <size>0xc</size>
         <input_file_ref idref="fl-3"/>
      </object_component>
      <object_component id="oc-39d">
         <name>.data</name>
         <load_address>0x20007c9c</load_address>
         <run_address>0x20007c9c</run_address>
         <size>0x4</size>
         <input_file_ref idref="fl-9"/>
      </object_component>
      <object_component id="oc-9a">
         <name>.data</name>
         <load_address>0x20007c18</load_address>
         <run_address>0x20007c18</run_address>
         <size>0x30</size>
         <input_file_ref idref="fl-c"/>
      </object_component>
      <object_component id="oc-471">
         <name>.data</name>
         <load_address>0x20007c98</load_address>
         <run_address>0x20007c98</run_address>
         <size>0x4</size>
         <input_file_ref idref="fl-d"/>
      </object_component>
      <object_component id="oc-345">
         <name>.data</name>
         <load_address>0x20007c88</load_address>
         <run_address>0x20007c88</run_address>
         <size>0x8</size>
         <input_file_ref idref="fl-f"/>
      </object_component>
      <object_component id="oc-2ed">
         <name>.data</name>
         <load_address>0x20007c90</load_address>
         <run_address>0x20007c90</run_address>
         <size>0x5</size>
         <input_file_ref idref="fl-10"/>
      </object_component>
      <object_component id="oc-e3">
         <name>.data:$O1$$</name>
         <load_address>0x20007c5c</load_address>
         <run_address>0x20007c5c</run_address>
         <size>0xc</size>
         <input_file_ref idref="fl-d0"/>
      </object_component>
      <object_component id="oc-92">
         <name>.data</name>
         <load_address>0x20007ca0</load_address>
         <run_address>0x20007ca0</run_address>
         <size>0x4</size>
         <input_file_ref idref="fl-d6"/>
      </object_component>
      <object_component id="oc-e6">
         <name>.data:$O1$$</name>
         <load_address>0x20007c80</load_address>
         <run_address>0x20007c80</run_address>
         <size>0x8</size>
         <input_file_ref idref="fl-da"/>
      </object_component>
      <object_component id="oc-40e">
         <name>.bss</name>
         <uninitialized>true</uninitialized>
         <run_address>0x20007988</run_address>
         <size>0x4</size>
         <input_file_ref idref="fl-3"/>
      </object_component>
      <object_component id="oc-3a0">
         <name>.bss:g_ui32Colors</name>
         <uninitialized>true</uninitialized>
         <run_address>0x20007964</run_address>
         <size>0xc</size>
         <input_file_ref idref="fl-9"/>
      </object_component>
      <object_component id="oc-ff">
         <name>.bss:pxReadyTasksLists</name>
         <uninitialized>true</uninitialized>
         <run_address>0x2000779c</run_address>
         <size>0x140</size>
         <input_file_ref idref="fl-c"/>
      </object_component>
      <object_component id="oc-504">
         <name>.bss:xDelayedTaskList1</name>
         <uninitialized>true</uninitialized>
         <run_address>0x20007900</run_address>
         <size>0x14</size>
         <input_file_ref idref="fl-c"/>
      </object_component>
      <object_component id="oc-507">
         <name>.bss:xDelayedTaskList2</name>
         <uninitialized>true</uninitialized>
         <run_address>0x20007914</run_address>
         <size>0x14</size>
         <input_file_ref idref="fl-c"/>
      </object_component>
      <object_component id="oc-115">
         <name>.bss</name>
         <uninitialized>true</uninitialized>
         <run_address>0x20007970</run_address>
         <size>0x8</size>
         <input_file_ref idref="fl-c"/>
      </object_component>
      <object_component id="oc-4a1">
         <name>.bss:xPendingReadyList</name>
         <uninitialized>true</uninitialized>
         <run_address>0x20007928</run_address>
         <size>0x14</size>
         <input_file_ref idref="fl-c"/>
      </object_component>
      <object_component id="oc-50a">
         <name>.bss:xTasksWaitingTermination</name>
         <uninitialized>true</uninitialized>
         <run_address>0x20007950</run_address>
         <size>0x14</size>
         <input_file_ref idref="fl-c"/>
      </object_component>
      <object_component id="oc-4ca">
         <name>.bss:xSuspendedTaskList</name>
         <uninitialized>true</uninitialized>
         <run_address>0x2000793c</run_address>
         <size>0x14</size>
         <input_file_ref idref="fl-c"/>
      </object_component>
      <object_component id="oc-49d">
         <name>.bss:ucHeap</name>
         <uninitialized>true</uninitialized>
         <run_address>0x2000026c</run_address>
         <size>0x7530</size>
         <input_file_ref idref="fl-f"/>
      </object_component>
      <object_component id="oc-348">
         <name>.bss:xStart</name>
         <uninitialized>true</uninitialized>
         <run_address>0x20007980</run_address>
         <size>0x8</size>
         <input_file_ref idref="fl-f"/>
      </object_component>
      <object_component id="oc-34b">
         <name>.bss:xEnd</name>
         <uninitialized>true</uninitialized>
         <run_address>0x20007978</run_address>
         <size>0x8</size>
         <input_file_ref idref="fl-f"/>
      </object_component>
      <object_component id="oc-178">
         <name>.common:g_pUARTSemaphore</name>
         <uninitialized>true</uninitialized>
         <run_address>0x2000798c</run_address>
         <size>0x4</size>
      </object_component>
      <object_component id="oc-53c">
         <name>.common:qz</name>
         <uninitialized>true</uninitialized>
         <run_address>0x20007994</run_address>
         <size>0x4</size>
      </object_component>
      <object_component id="oc-400">
         <name>.common:g_sAppState</name>
         <uninitialized>true</uninitialized>
         <run_address>0x200078dc</run_address>
         <size>0x24</size>
      </object_component>
      <object_component id="oc-2a3">
         <name>.common:xTask1</name>
         <uninitialized>true</uninitialized>
         <run_address>0x200079a0</run_address>
         <size>0x4</size>
      </object_component>
      <object_component id="oc-2aa">
         <name>.common:xTask2</name>
         <uninitialized>true</uninitialized>
         <run_address>0x200079a4</run_address>
         <size>0x4</size>
      </object_component>
      <object_component id="oc-2b1">
         <name>.common:xTask3</name>
         <uninitialized>true</uninitialized>
         <run_address>0x200079a8</run_address>
         <size>0x4</size>
      </object_component>
      <object_component id="oc-2b8">
         <name>.common:xTask4</name>
         <uninitialized>true</uninitialized>
         <run_address>0x200079ac</run_address>
         <size>0x4</size>
      </object_component>
      <object_component id="oc-2a1">
         <name>.common:share</name>
         <uninitialized>true</uninitialized>
         <run_address>0x20007998</run_address>
         <size>0x4</size>
      </object_component>
      <object_component id="oc-2a2">
         <name>.common:morse</name>
         <uninitialized>true</uninitialized>
         <run_address>0x20007990</run_address>
         <size>0x4</size>
      </object_component>
      <object_component id="oc-2a0">
         <name>.common:sp</name>
         <uninitialized>true</uninitialized>
         <run_address>0x2000799c</run_address>
         <size>0x4</size>
      </object_component>
      <object_component id="oc-2a">
         <name>.stack</name>
         <uninitialized>true</uninitialized>
         <run_address>0x200079b0</run_address>
         <size>0x0</size>
         <input_file_ref idref="fl-cc"/>
      </object_component>
      <object_component id="oc-599">
         <name>.stack</name>
         <uninitialized>true</uninitialized>
         <run_address>0x200079b0</run_address>
         <size>0x0</size>
      </object_component>
      <object_component id="oc-179">
         <name>.debug_info</name>
         <load_address>0x0</load_address>
         <run_address>0x0</run_address>
         <size>0x462</size>
         <input_file_ref idref="fl-2"/>
      </object_component>
      <object_component id="oc-fa">
         <name>.debug_info</name>
         <load_address>0x462</load_address>
         <run_address>0x462</run_address>
         <size>0x176</size>
         <input_file_ref idref="fl-2"/>
      </object_component>
      <object_component id="oc-12b">
         <name>.debug_info</name>
         <load_address>0x5d8</load_address>
         <run_address>0x5d8</run_address>
         <size>0x17c</size>
         <input_file_ref idref="fl-2"/>
      </object_component>
      <object_component id="oc-dc">
         <name>.debug_info</name>
         <load_address>0x754</load_address>
         <run_address>0x754</run_address>
         <size>0x2d5</size>
         <input_file_ref idref="fl-2"/>
      </object_component>
      <object_component id="oc-19a">
         <name>.debug_info</name>
         <load_address>0xa29</load_address>
         <run_address>0xa29</run_address>
         <size>0x2ef</size>
         <input_file_ref idref="fl-2"/>
      </object_component>
      <object_component id="oc-57">
         <name>.debug_info</name>
         <load_address>0xd18</load_address>
         <run_address>0xd18</run_address>
         <size>0x84</size>
         <input_file_ref idref="fl-2"/>
      </object_component>
      <object_component id="oc-257">
         <name>.debug_info</name>
         <load_address>0xd9c</load_address>
         <run_address>0xd9c</run_address>
         <size>0x46</size>
         <input_file_ref idref="fl-2"/>
      </object_component>
      <object_component id="oc-2cf">
         <name>.debug_info</name>
         <load_address>0xde2</load_address>
         <run_address>0xde2</run_address>
         <size>0x2c</size>
         <input_file_ref idref="fl-2"/>
      </object_component>
      <object_component id="oc-19f">
         <name>.debug_info</name>
         <load_address>0xe0e</load_address>
         <run_address>0xe0e</run_address>
         <size>0x2c</size>
         <input_file_ref idref="fl-2"/>
      </object_component>
      <object_component id="oc-b0">
         <name>.debug_info</name>
         <load_address>0xe3a</load_address>
         <run_address>0xe3a</run_address>
         <size>0x18b</size>
         <input_file_ref idref="fl-2"/>
      </object_component>
      <object_component id="oc-f1">
         <name>.debug_info</name>
         <load_address>0xfc5</load_address>
         <run_address>0xfc5</run_address>
         <size>0x53</size>
         <input_file_ref idref="fl-2"/>
      </object_component>
      <object_component id="oc-23f">
         <name>.debug_info</name>
         <load_address>0x1018</load_address>
         <run_address>0x1018</run_address>
         <size>0x4e</size>
         <input_file_ref idref="fl-2"/>
      </object_component>
      <object_component id="oc-1a9">
         <name>.debug_info</name>
         <load_address>0x1066</load_address>
         <run_address>0x1066</run_address>
         <size>0x14c</size>
         <input_file_ref idref="fl-2"/>
      </object_component>
      <object_component id="oc-17b">
         <name>.debug_info</name>
         <load_address>0x11b2</load_address>
         <run_address>0x11b2</run_address>
         <size>0xa2f</size>
         <input_file_ref idref="fl-3"/>
      </object_component>
      <object_component id="oc-4df">
         <name>.debug_info</name>
         <load_address>0x1be1</load_address>
         <run_address>0x1be1</run_address>
         <size>0x102</size>
         <input_file_ref idref="fl-3"/>
      </object_component>
      <object_component id="oc-4e2">
         <name>.debug_info</name>
         <load_address>0x1ce3</load_address>
         <run_address>0x1ce3</run_address>
         <size>0x104</size>
         <input_file_ref idref="fl-3"/>
      </object_component>
      <object_component id="oc-1da">
         <name>.debug_info</name>
         <load_address>0x1de7</load_address>
         <run_address>0x1de7</run_address>
         <size>0xf6</size>
         <input_file_ref idref="fl-3"/>
      </object_component>
      <object_component id="oc-405">
         <name>.debug_info</name>
         <load_address>0x1edd</load_address>
         <run_address>0x1edd</run_address>
         <size>0xd5</size>
         <input_file_ref idref="fl-3"/>
      </object_component>
      <object_component id="oc-402">
         <name>.debug_info</name>
         <load_address>0x1fb2</load_address>
         <run_address>0x1fb2</run_address>
         <size>0x13b</size>
         <input_file_ref idref="fl-3"/>
      </object_component>
      <object_component id="oc-53a">
         <name>.debug_info</name>
         <load_address>0x20ed</load_address>
         <run_address>0x20ed</run_address>
         <size>0xd7</size>
         <input_file_ref idref="fl-3"/>
      </object_component>
      <object_component id="oc-459">
         <name>.debug_info</name>
         <load_address>0x21c4</load_address>
         <run_address>0x21c4</run_address>
         <size>0xe8</size>
         <input_file_ref idref="fl-3"/>
      </object_component>
      <object_component id="oc-465">
         <name>.debug_info</name>
         <load_address>0x22ac</load_address>
         <run_address>0x22ac</run_address>
         <size>0x16b</size>
         <input_file_ref idref="fl-3"/>
      </object_component>
      <object_component id="oc-435">
         <name>.debug_info</name>
         <load_address>0x2417</load_address>
         <run_address>0x2417</run_address>
         <size>0x13f</size>
         <input_file_ref idref="fl-3"/>
      </object_component>
      <object_component id="oc-1f0">
         <name>.debug_info</name>
         <load_address>0x2556</load_address>
         <run_address>0x2556</run_address>
         <size>0x1f0</size>
         <input_file_ref idref="fl-3"/>
      </object_component>
      <object_component id="oc-2ba">
         <name>.debug_info</name>
         <load_address>0x2746</load_address>
         <run_address>0x2746</run_address>
         <size>0x2e5</size>
         <input_file_ref idref="fl-3"/>
      </object_component>
      <object_component id="oc-2b3">
         <name>.debug_info</name>
         <load_address>0x2a2b</load_address>
         <run_address>0x2a2b</run_address>
         <size>0x2bc</size>
         <input_file_ref idref="fl-3"/>
      </object_component>
      <object_component id="oc-2ac">
         <name>.debug_info</name>
         <load_address>0x2ce7</load_address>
         <run_address>0x2ce7</run_address>
         <size>0x48e</size>
         <input_file_ref idref="fl-3"/>
      </object_component>
      <object_component id="oc-2a5">
         <name>.debug_info</name>
         <load_address>0x3175</load_address>
         <run_address>0x3175</run_address>
         <size>0x6fe</size>
         <input_file_ref idref="fl-3"/>
      </object_component>
      <object_component id="oc-3f4">
         <name>.debug_info</name>
         <load_address>0x3873</load_address>
         <run_address>0x3873</run_address>
         <size>0x1cc</size>
         <input_file_ref idref="fl-3"/>
      </object_component>
      <object_component id="oc-3fb">
         <name>.debug_info</name>
         <load_address>0x3a3f</load_address>
         <run_address>0x3a3f</run_address>
         <size>0x1da</size>
         <input_file_ref idref="fl-3"/>
      </object_component>
      <object_component id="oc-295">
         <name>.debug_info</name>
         <load_address>0x3c19</load_address>
         <run_address>0x3c19</run_address>
         <size>0x217</size>
         <input_file_ref idref="fl-3"/>
      </object_component>
      <object_component id="oc-29b">
         <name>.debug_info</name>
         <load_address>0x3e30</load_address>
         <run_address>0x3e30</run_address>
         <size>0x208</size>
         <input_file_ref idref="fl-3"/>
      </object_component>
      <object_component id="oc-1e4">
         <name>.debug_info</name>
         <load_address>0x4038</load_address>
         <run_address>0x4038</run_address>
         <size>0x263</size>
         <input_file_ref idref="fl-3"/>
      </object_component>
      <object_component id="oc-1de">
         <name>.debug_info</name>
         <load_address>0x429b</load_address>
         <run_address>0x429b</run_address>
         <size>0x200</size>
         <input_file_ref idref="fl-3"/>
      </object_component>
      <object_component id="oc-143">
         <name>.debug_info</name>
         <load_address>0x449b</load_address>
         <run_address>0x449b</run_address>
         <size>0x204</size>
         <input_file_ref idref="fl-3"/>
      </object_component>
      <object_component id="oc-26b">
         <name>.debug_info</name>
         <load_address>0x469f</load_address>
         <run_address>0x469f</run_address>
         <size>0x1e9</size>
         <input_file_ref idref="fl-3"/>
      </object_component>
      <object_component id="oc-271">
         <name>.debug_info</name>
         <load_address>0x4888</load_address>
         <run_address>0x4888</run_address>
         <size>0x208</size>
         <input_file_ref idref="fl-3"/>
      </object_component>
      <object_component id="oc-3a7">
         <name>.debug_info</name>
         <load_address>0x4a90</load_address>
         <run_address>0x4a90</run_address>
         <size>0x1cb</size>
         <input_file_ref idref="fl-3"/>
      </object_component>
      <object_component id="oc-277">
         <name>.debug_info</name>
         <load_address>0x4c5b</load_address>
         <run_address>0x4c5b</run_address>
         <size>0x21c</size>
         <input_file_ref idref="fl-3"/>
      </object_component>
      <object_component id="oc-27d">
         <name>.debug_info</name>
         <load_address>0x4e77</load_address>
         <run_address>0x4e77</run_address>
         <size>0x1dc</size>
         <input_file_ref idref="fl-3"/>
      </object_component>
      <object_component id="oc-16d">
         <name>.debug_info</name>
         <load_address>0x5053</load_address>
         <run_address>0x5053</run_address>
         <size>0x472</size>
         <input_file_ref idref="fl-3"/>
      </object_component>
      <object_component id="oc-13d">
         <name>.debug_info</name>
         <load_address>0x54c5</load_address>
         <run_address>0x54c5</run_address>
         <size>0x1dd</size>
         <input_file_ref idref="fl-3"/>
      </object_component>
      <object_component id="oc-137">
         <name>.debug_info</name>
         <load_address>0x56a2</load_address>
         <run_address>0x56a2</run_address>
         <size>0x1cd</size>
         <input_file_ref idref="fl-3"/>
      </object_component>
      <object_component id="oc-2db">
         <name>.debug_info</name>
         <load_address>0x586f</load_address>
         <run_address>0x586f</run_address>
         <size>0xc2</size>
         <input_file_ref idref="fl-3"/>
      </object_component>
      <object_component id="oc-2d6">
         <name>.debug_info</name>
         <load_address>0x5931</load_address>
         <run_address>0x5931</run_address>
         <size>0x8b</size>
         <input_file_ref idref="fl-3"/>
      </object_component>
      <object_component id="oc-235">
         <name>.debug_info</name>
         <load_address>0x59bc</load_address>
         <run_address>0x59bc</run_address>
         <size>0x417</size>
         <input_file_ref idref="fl-4"/>
      </object_component>
      <object_component id="oc-232">
         <name>.debug_info</name>
         <load_address>0x5dd3</load_address>
         <run_address>0x5dd3</run_address>
         <size>0xda</size>
         <input_file_ref idref="fl-4"/>
      </object_component>
      <object_component id="oc-305">
         <name>.debug_info</name>
         <load_address>0x5ead</load_address>
         <run_address>0x5ead</run_address>
         <size>0xda</size>
         <input_file_ref idref="fl-4"/>
      </object_component>
      <object_component id="oc-309">
         <name>.debug_info</name>
         <load_address>0x5f87</load_address>
         <run_address>0x5f87</run_address>
         <size>0xdb</size>
         <input_file_ref idref="fl-4"/>
      </object_component>
      <object_component id="oc-30d">
         <name>.debug_info</name>
         <load_address>0x6062</load_address>
         <run_address>0x6062</run_address>
         <size>0xdb</size>
         <input_file_ref idref="fl-4"/>
      </object_component>
      <object_component id="oc-311">
         <name>.debug_info</name>
         <load_address>0x613d</load_address>
         <run_address>0x613d</run_address>
         <size>0xdb</size>
         <input_file_ref idref="fl-4"/>
      </object_component>
      <object_component id="oc-315">
         <name>.debug_info</name>
         <load_address>0x6218</load_address>
         <run_address>0x6218</run_address>
         <size>0xdb</size>
         <input_file_ref idref="fl-4"/>
      </object_component>
      <object_component id="oc-31a">
         <name>.debug_info</name>
         <load_address>0x62f3</load_address>
         <run_address>0x62f3</run_address>
         <size>0xdb</size>
         <input_file_ref idref="fl-4"/>
      </object_component>
      <object_component id="oc-31e">
         <name>.debug_info</name>
         <load_address>0x63ce</load_address>
         <run_address>0x63ce</run_address>
         <size>0xdb</size>
         <input_file_ref idref="fl-4"/>
      </object_component>
      <object_component id="oc-52a">
         <name>.debug_info</name>
         <load_address>0x64a9</load_address>
         <run_address>0x64a9</run_address>
         <size>0xdd</size>
         <input_file_ref idref="fl-4"/>
      </object_component>
      <object_component id="oc-202">
         <name>.debug_info</name>
         <load_address>0x6586</load_address>
         <run_address>0x6586</run_address>
         <size>0x173</size>
         <input_file_ref idref="fl-4"/>
      </object_component>
      <object_component id="oc-208">
         <name>.debug_info</name>
         <load_address>0x66f9</load_address>
         <run_address>0x66f9</run_address>
         <size>0x169</size>
         <input_file_ref idref="fl-4"/>
      </object_component>
      <object_component id="oc-20e">
         <name>.debug_info</name>
         <load_address>0x6862</load_address>
         <run_address>0x6862</run_address>
         <size>0x16b</size>
         <input_file_ref idref="fl-4"/>
      </object_component>
      <object_component id="oc-214">
         <name>.debug_info</name>
         <load_address>0x69cd</load_address>
         <run_address>0x69cd</run_address>
         <size>0x13d</size>
         <input_file_ref idref="fl-4"/>
      </object_component>
      <object_component id="oc-21a">
         <name>.debug_info</name>
         <load_address>0x6b0a</load_address>
         <run_address>0x6b0a</run_address>
         <size>0x12b</size>
         <input_file_ref idref="fl-4"/>
      </object_component>
      <object_component id="oc-226">
         <name>.debug_info</name>
         <load_address>0x6c35</load_address>
         <run_address>0x6c35</run_address>
         <size>0x15c</size>
         <input_file_ref idref="fl-4"/>
      </object_component>
      <object_component id="oc-22c">
         <name>.debug_info</name>
         <load_address>0x6d91</load_address>
         <run_address>0x6d91</run_address>
         <size>0x131</size>
         <input_file_ref idref="fl-4"/>
      </object_component>
      <object_component id="oc-15b">
         <name>.debug_info</name>
         <load_address>0x6ec2</load_address>
         <run_address>0x6ec2</run_address>
         <size>0x28e</size>
         <input_file_ref idref="fl-4"/>
      </object_component>
      <object_component id="oc-45d">
         <name>.debug_info</name>
         <load_address>0x7150</load_address>
         <run_address>0x7150</run_address>
         <size>0x1d3</size>
         <input_file_ref idref="fl-4"/>
      </object_component>
      <object_component id="oc-1ec">
         <name>.debug_info</name>
         <load_address>0x7323</load_address>
         <run_address>0x7323</run_address>
         <size>0x1a7</size>
         <input_file_ref idref="fl-5"/>
      </object_component>
      <object_component id="oc-14f">
         <name>.debug_info</name>
         <load_address>0x74ca</load_address>
         <run_address>0x74ca</run_address>
         <size>0x139</size>
         <input_file_ref idref="fl-5"/>
      </object_component>
      <object_component id="oc-1f6">
         <name>.debug_info</name>
         <load_address>0x7603</load_address>
         <run_address>0x7603</run_address>
         <size>0x16d</size>
         <input_file_ref idref="fl-5"/>
      </object_component>
      <object_component id="oc-155">
         <name>.debug_info</name>
         <load_address>0x7770</load_address>
         <run_address>0x7770</run_address>
         <size>0x191</size>
         <input_file_ref idref="fl-5"/>
      </object_component>
      <object_component id="oc-220">
         <name>.debug_info</name>
         <load_address>0x7901</load_address>
         <run_address>0x7901</run_address>
         <size>0x171</size>
         <input_file_ref idref="fl-5"/>
      </object_component>
      <object_component id="oc-149">
         <name>.debug_info</name>
         <load_address>0x7a72</load_address>
         <run_address>0x7a72</run_address>
         <size>0x2d0</size>
         <input_file_ref idref="fl-5"/>
      </object_component>
      <object_component id="oc-1fc">
         <name>.debug_info</name>
         <load_address>0x7d42</load_address>
         <run_address>0x7d42</run_address>
         <size>0x139</size>
         <input_file_ref idref="fl-5"/>
      </object_component>
      <object_component id="oc-50">
         <name>.debug_info</name>
         <load_address>0x7e7b</load_address>
         <run_address>0x7e7b</run_address>
         <size>0x17f</size>
         <input_file_ref idref="fl-6"/>
      </object_component>
      <object_component id="oc-10">
         <name>.debug_info</name>
         <load_address>0x7ffa</load_address>
         <run_address>0x7ffa</run_address>
         <size>0xea</size>
         <input_file_ref idref="fl-6"/>
      </object_component>
      <object_component id="oc-2d">
         <name>.debug_info</name>
         <load_address>0x80e4</load_address>
         <run_address>0x80e4</run_address>
         <size>0x11a</size>
         <input_file_ref idref="fl-6"/>
      </object_component>
      <object_component id="oc-33">
         <name>.debug_info</name>
         <load_address>0x81fe</load_address>
         <run_address>0x81fe</run_address>
         <size>0x10b</size>
         <input_file_ref idref="fl-6"/>
      </object_component>
      <object_component id="oc-3f">
         <name>.debug_info</name>
         <load_address>0x8309</load_address>
         <run_address>0x8309</run_address>
         <size>0x123</size>
         <input_file_ref idref="fl-6"/>
      </object_component>
      <object_component id="oc-39">
         <name>.debug_info</name>
         <load_address>0x842c</load_address>
         <run_address>0x842c</run_address>
         <size>0x111</size>
         <input_file_ref idref="fl-6"/>
      </object_component>
      <object_component id="oc-396">
         <name>.debug_info</name>
         <load_address>0x853d</load_address>
         <run_address>0x853d</run_address>
         <size>0x150</size>
         <input_file_ref idref="fl-9"/>
      </object_component>
      <object_component id="oc-3a1">
         <name>.debug_info</name>
         <load_address>0x868d</load_address>
         <run_address>0x868d</run_address>
         <size>0x126</size>
         <input_file_ref idref="fl-9"/>
      </object_component>
      <object_component id="oc-39e">
         <name>.debug_info</name>
         <load_address>0x87b3</load_address>
         <run_address>0x87b3</run_address>
         <size>0x126</size>
         <input_file_ref idref="fl-9"/>
      </object_component>
      <object_component id="oc-399">
         <name>.debug_info</name>
         <load_address>0x88d9</load_address>
         <run_address>0x88d9</run_address>
         <size>0x22e</size>
         <input_file_ref idref="fl-9"/>
      </object_component>
      <object_component id="oc-265">
         <name>.debug_info</name>
         <load_address>0x8b07</load_address>
         <run_address>0x8b07</run_address>
         <size>0x22b</size>
         <input_file_ref idref="fl-9"/>
      </object_component>
      <object_component id="oc-391">
         <name>.debug_info</name>
         <load_address>0x8d32</load_address>
[...]
      <symbol id="sm-23b">
         <name>GPIOPinTypeSSI</name>
         <value>0x33cb</value>
         <object_component_ref idref="oc-13c"/>
      </symbol>
      <symbol id="sm-23c">
         <name>str1</name>
         <value>0x20007bb0</value>
         <object_component_ref idref="oc-539"/>
      </symbol>
      <symbol id="sm-301">
         <name>acmd</name>
         <value>0x3075</value>
         <object_component_ref idref="oc-219"/>
      </symbol>
      <symbol id="sm-302">
         <name>cmd_fiftyfive</name>
         <value>0x30a5</value>
         <object_component_ref idref="oc-213"/>
      </symbol>
      <symbol id="sm-303">
         <name>cmd_zero</name>
         <value>0x2935</value>
         <object_component_ref idref="oc-201"/>
      </symbol>
      <symbol id="sm-304">
         <name>cmd_ten</name>
         <value>0x30d5</value>
         <object_component_ref idref="oc-22b"/>
      </symbol>
      <symbol id="sm-305">
         <name>cmd_twentyfour</name>
         <value>0x2001</value>
         <object_component_ref idref="oc-45c"/>
      </symbol>
      <symbol id="sm-306">
         <name>cmd_feight</name>
         <value>0x2c25</value>
         <object_component_ref idref="oc-20d"/>
      </symbol>
      <symbol id="sm-307">
         <name>sdcard_init</name>
         <value>0x1885</value>
         <object_component_ref idref="oc-15a"/>
      </symbol>
      <symbol id="sm-308">
         <name>cmd_fiftynine</name>
         <value>0x2c71</value>
         <object_component_ref idref="oc-225"/>
      </symbol>
      <symbol id="sm-309">
         <name>cmd_eight</name>
         <value>0x2bd9</value>
         <object_component_ref idref="oc-207"/>
      </symbol>
      <symbol id="sm-342">
         <name>SSIDataPut</name>
         <value>0x34ff</value>
         <object_component_ref idref="oc-1f5"/>
      </symbol>
      <symbol id="sm-343">
         <name>SSIDataGet</name>
         <value>0x34c3</value>
         <object_component_ref idref="oc-21f"/>
      </symbol>
      <symbol id="sm-344">
         <name>SSIDataGetNonBlocking</name>
         <value>0x3449</value>
         <object_component_ref idref="oc-154"/>
      </symbol>
      <symbol id="sm-345">
         <name>SSIConfigSetExpClk</name>
         <value>0x2eed</value>
         <object_component_ref idref="oc-148"/>
      </symbol>
      <symbol id="sm-346">
         <name>SSIEnable</name>
         <value>0x3509</value>
         <object_component_ref idref="oc-14e"/>
      </symbol>
      <symbol id="sm-347">
         <name>SSIBusy</name>
         <value>0x3513</value>
         <object_component_ref idref="oc-1fb"/>
      </symbol>
      <symbol id="sm-378">
         <name>ResetISR</name>
         <value>0x352f</value>
         <object_component_ref idref="oc-2b"/>
      </symbol>
      <symbol id="sm-379">
         <name>g_pfnVectors</name>
         <value>0x0</value>
         <object_component_ref idref="oc-f"/>
      </symbol>
      <symbol id="sm-3c5">
         <name>RGBIntensitySet</name>
         <value>0x33f9</value>
         <object_component_ref idref="oc-264"/>
      </symbol>
      <symbol id="sm-3c6">
         <name>RGBEnable</name>
         <value>0x1cd5</value>
         <object_component_ref idref="oc-38f"/>
      </symbol>
      <symbol id="sm-3c7">
         <name>RGBInit</name>
         <value>0x1385</value>
         <object_component_ref idref="oc-25e"/>
      </symbol>
      <symbol id="sm-3c8">
         <name>RGBColorSet</name>
         <value>0x1f71</value>
         <object_component_ref idref="oc-397"/>
      </symbol>
      <symbol id="sm-3fd">
         <name>uxListRemove</name>
         <value>0x3233</value>
         <object_component_ref idref="oc-109"/>
      </symbol>
      <symbol id="sm-3fe">
         <name>vListInsert</name>
         <value>0x2f9f</value>
         <object_component_ref idref="oc-4be"/>
      </symbol>
      <symbol id="sm-3ff">
         <name>vListInitialiseItem</name>
         <value>0x3541</value>
         <object_component_ref idref="oc-4f6"/>
      </symbol>
      <symbol id="sm-400">
         <name>vListInsertEnd</name>
         <value>0x336d</value>
         <object_component_ref idref="oc-10f"/>
      </symbol>
      <symbol id="sm-401">
         <name>vListInitialise</name>
         <value>0x33e1</value>
         <object_component_ref idref="oc-24a"/>
      </symbol>
      <symbol id="sm-49e">
         <name>xQueueGenericCreate</name>
         <value>0x2f29</value>
         <object_component_ref idref="oc-282"/>
      </symbol>
      <symbol id="sm-49f">
         <name>xQueueCreateMutex</name>
         <value>0x2d55</value>
         <object_component_ref idref="oc-166"/>
      </symbol>
      <symbol id="sm-4a0">
         <name>xQueueGenericSend</name>
         <value>0x1971</value>
         <object_component_ref idref="oc-250"/>
      </symbol>
      <symbol id="sm-4a1">
         <name>xQueueGenericReset</name>
         <value>0x219d</value>
         <object_component_ref idref="oc-3ba"/>
      </symbol>
      <symbol id="sm-4a2">
         <name>xQueueGiveFromISR</name>
         <value>0x29e5</value>
         <object_component_ref idref="oc-408"/>
      </symbol>
      <symbol id="sm-4a3">
         <name>xQueueGenericReceive</name>
         <value>0x1049</value>
         <object_component_ref idref="oc-28e"/>
      </symbol>
      <symbol id="sm-67b">
         <name>vTaskSuspendAll</name>
         <value>0x347d</value>
         <object_component_ref idref="oc-333"/>
      </symbol>
      <symbol id="sm-67c">
         <name>vTaskPriorityInherit</name>
         <value>0x1edd</value>
         <object_component_ref idref="oc-3e0"/>
      </symbol>
      <symbol id="sm-67d">
         <name>vTaskPlaceOnEventList</name>
         <value>0x269d</value>
         <object_component_ref idref="oc-375"/>
      </symbol>
      <symbol id="sm-67e">
         <name>xTaskCheckForTimeOut</name>
         <value>0x2b39</value>
         <object_component_ref idref="oc-363"/>
      </symbol>
      <symbol id="sm-67f">
         <name>vTaskPrioritySet</name>
         <value>0x1c11</value>
         <object_component_ref idref="oc-43a"/>
      </symbol>
      <symbol id="sm-680">
         <name>xTaskPriorityDisinherit</name>
         <value>0x22a1</value>
         <object_component_ref idref="oc-4ce"/>
      </symbol>
      <symbol id="sm-681">
         <name>vTaskStartScheduler</name>
         <value>0x2825</value>
         <object_component_ref idref="oc-172"/>
      </symbol>
      <symbol id="sm-682">
         <name>pvTaskIncrementMutexHeldCount</name>
         <value>0x3325</value>
         <object_component_ref idref="oc-3ec"/>
      </symbol>
      <symbol id="sm-683">
         <name>vTaskDelayUntil</name>
         <value>0x2119</value>
         <object_component_ref idref="oc-42e"/>
      </symbol>
      <symbol id="sm-684">
         <name>vTaskMissedYield</name>
         <value>0x34dd</value>
         <object_component_ref idref="oc-4b6"/>
      </symbol>
      <symbol id="sm-685">
         <name>xTaskResumeAll</name>
         <value>0x1a59</value>
         <object_component_ref idref="oc-33f"/>
      </symbol>
      <symbol id="sm-686">
         <name>xTaskGetTickCount</name>
         <value>0x34e9</value>
         <object_component_ref idref="oc-410"/>
      </symbol>
      <symbol id="sm-687">
         <name>xTaskGenericCreate</name>
         <value>0x1489</value>
         <object_component_ref idref="oc-288"/>
      </symbol>
      <symbol id="sm-688">
         <name>pxCurrentTCB</name>
         <value>0x20007c18</value>
         <object_component_ref idref="oc-9a"/>
      </symbol>
      <symbol id="sm-689">
         <name>vTaskSetTimeOutState</name>
         <value>0x339d</value>
         <object_component_ref idref="oc-351"/>
      </symbol>
      <symbol id="sm-68a">
         <name>xTaskIncrementTick</name>
         <value>0x158d</value>
         <object_component_ref idref="oc-a7"/>
      </symbol>
      <symbol id="sm-68b">
         <name>vTaskSwitchContext</name>
         <value>0x208d</value>
         <object_component_ref idref="oc-a0"/>
      </symbol>
      <symbol id="sm-68c">
         <name>xTaskRemoveFromEventList</name>
         <value>0x2411</value>
         <object_component_ref idref="oc-381"/>
      </symbol>
      <symbol id="sm-6e6">
         <name>ulMaxSyscallInterruptPriority</name>
         <value>0x3828</value>
         <object_component_ref idref="oc-9d"/>
      </symbol>
      <symbol id="sm-6e7">
         <name>vPortSetupTimerInterrupt</name>
         <value>0x3435</value>
         <object_component_ref idref="oc-46b"/>
      </symbol>
      <symbol id="sm-6e8">
         <name>xPortSysTickHandler</name>
         <value>0x3191</value>
         <object_component_ref idref="oc-48"/>
      </symbol>
      <symbol id="sm-6e9">
         <name>pxPortInitialiseStack</name>
         <value>0x31e5</value>
         <object_component_ref idref="oc-3cd"/>
      </symbol>
      <symbol id="sm-6ea">
         <name>vPortExitCritical</name>
         <value>0x3385</value>
         <object_component_ref idref="oc-357"/>
      </symbol>
      <symbol id="sm-6eb">
         <name>xPortStartScheduler</name>
         <value>0x2ead</value>
         <object_component_ref idref="oc-2c0"/>
      </symbol>
      <symbol id="sm-6ec">
         <name>vPortEnterCritical</name>
         <value>0x328d</value>
         <object_component_ref idref="oc-35d"/>
      </symbol>
      <symbol id="sm-6fb">
         <name>vPortStartFirstTask</name>
         <value>0x1be5</value>
         <object_component_ref idref="oc-43"/>
      </symbol>
      <symbol id="sm-6fc">
         <name>ulPortGetIPSR</name>
         <value>0x1b4d</value>
         <object_component_ref idref="oc-43"/>
      </symbol>
      <symbol id="sm-6fd">
         <name>vPortEnableVFP</name>
         <value>0x1c01</value>
         <object_component_ref idref="oc-43"/>
      </symbol>
      <symbol id="sm-6fe">
         <name>xPortPendSVHandler</name>
         <value>0x1b65</value>
         <object_component_ref idref="oc-43"/>
      </symbol>
      <symbol id="sm-6ff">
         <name>vPortSVCHandler</name>
         <value>0x1bc5</value>
         <object_component_ref idref="oc-43"/>
      </symbol>
      <symbol id="sm-754">
         <name>pvPortMalloc</name>
         <value>0x1d95</value>
         <object_component_ref idref="oc-244"/>
      </symbol>
      <symbol id="sm-755">
         <name>vPortFree</name>
         <value>0x2de9</value>
         <object_component_ref idref="oc-4ef"/>
      </symbol>
      <symbol id="sm-7c3">
         <name>UARTStdioConfig</name>
         <value>0x2765</value>
         <object_component_ref idref="oc-1d0"/>
      </symbol>
      <symbol id="sm-7c4">
         <name>UARTwrite</name>
         <value>0x2da1</value>
         <object_component_ref idref="oc-325"/>
      </symbol>
      <symbol id="sm-7c5">
         <name>UARTprintf</name>
         <value>0x32a9</value>
         <object_component_ref idref="oc-160"/>
      </symbol>
      <symbol id="sm-7c6">
         <name>UARTvprintf</name>
         <value>0xab5</value>
         <object_component_ref idref="oc-237"/>
      </symbol>
      <symbol id="sm-7d8">
         <name>_c_int00</name>
         <value>0x2a91</value>
         <object_component_ref idref="oc-24"/>
      </symbol>
      <symbol id="sm-7d9">
         <name>__stack</name>
         <value>0x200079b0</value>
         <object_component_ref idref="oc-2a"/>
      </symbol>
      <symbol id="sm-7f7">
         <name>__TI_decompress_lzss</name>
         <value>0x25d1</value>
         <object_component_ref idref="oc-12"/>
      </symbol>
      <symbol id="sm-80e">
         <name>__TI_decompress_none</name>
         <value>0x34a9</value>
         <object_component_ref idref="oc-18"/>
      </symbol>
      <symbol id="sm-825">
         <name>__TI_zero_init</name>
         <value>0x34cf</value>
         <object_component_ref idref="oc-1e"/>
      </symbol>
      <symbol id="sm-846">
         <name>C$$EXIT</name>
         <value>0x2ae5</value>
         <object_component_ref idref="oc-8c"/>
      </symbol>
      <symbol id="sm-847">
         <name>abort</name>
         <value>0x2ae9</value>
         <object_component_ref idref="oc-8c"/>
      </symbol>
      <symbol id="sm-848">
         <name>exit</name>
         <value>0x2af1</value>
         <object_component_ref idref="oc-8c"/>
      </symbol>
      <symbol id="sm-849">
         <name>__TI_dtors_ptr</name>
         <value>0x20007c60</value>
         <object_component_ref idref="oc-e3"/>
      </symbol>
      <symbol id="sm-84a">
         <name>__TI_cleanup_ptr</name>
         <value>0x20007c5c</value>
         <object_component_ref idref="oc-e3"/>
      </symbol>
      <symbol id="sm-84b">
         <name>__TI_enable_exit_profile_output</name>
         <value>0x20007c64</value>
         <object_component_ref idref="oc-e3"/>
      </symbol>
      <symbol id="sm-867">
         <name>memcpy</name>
         <value>0x1e41</value>
         <object_component_ref idref="oc-5c"/>
      </symbol>
      <symbol id="sm-868">
         <name>__aeabi_memcpy</name>
         <value>0x1e41</value>
         <object_component_ref idref="oc-5c"/>
      </symbol>
      <symbol id="sm-869">
         <name>__aeabi_memcpy8</name>
         <value>0x1e41</value>
         <object_component_ref idref="oc-5c"/>
      </symbol>
      <symbol id="sm-86a">
         <name>__aeabi_memcpy4</name>
         <value>0x1e41</value>
         <object_component_ref idref="oc-5c"/>
      </symbol>
      <symbol id="sm-879">
         <name>__aeabi_memset</name>
         <value>0x2399</value>
         <object_component_ref idref="oc-68"/>
      </symbol>
      <symbol id="sm-87a">
         <name>memset</name>
         <value>0x239f</value>
         <object_component_ref idref="oc-68"/>
      </symbol>
      <symbol id="sm-87b">
         <name>__aeabi_memset8</name>
         <value>0x2399</value>
         <object_component_ref idref="oc-68"/>
      </symbol>
      <symbol id="sm-87c">
         <name>__aeabi_memset4</name>
         <value>0x2399</value>
         <object_component_ref idref="oc-68"/>
      </symbol>
      <symbol id="sm-87d">
         <name>__aeabi_memclr8</name>
         <value>0x2397</value>
         <object_component_ref idref="oc-68"/>
      </symbol>
      <symbol id="sm-87e">
         <name>__aeabi_memclr4</name>
         <value>0x2397</value>
         <object_component_ref idref="oc-68"/>
      </symbol>
      <symbol id="sm-87f">
         <name>__aeabi_memclr</name>
         <value>0x2397</value>
         <object_component_ref idref="oc-68"/>
      </symbol>
      <symbol id="sm-889">
         <name>__mpu_init</name>
         <value>0x2763</value>
         <object_component_ref idref="oc-74"/>
      </symbol>
      <symbol id="sm-893">
         <name>_system_pre_init</name>
         <value>0x3547</value>
         <object_component_ref idref="oc-7a"/>
      </symbol>
      <symbol id="sm-89b">
         <name>main_func_sp</name>
         <value>0x20007ca0</value>
         <object_component_ref idref="oc-92"/>
      </symbol>
      <symbol id="sm-8aa">
         <name>strcmp</name>
         <value>0x3355</value>
         <object_component_ref idref="oc-52d"/>
      </symbol>
      <symbol id="sm-8b8">
         <name>strcpy</name>
         <value>0x3421</value>
         <object_component_ref idref="oc-533"/>
      </symbol>
      <symbol id="sm-8c7">
         <name>__aeabi_uidivmod</name>
         <value>0x2e6d</value>
         <object_component_ref idref="oc-32b"/>
      </symbol>
      <symbol id="sm-8c8">
         <name>__aeabi_uidiv</name>
         <value>0x2e6d</value>
         <object_component_ref idref="oc-32b"/>
      </symbol>
      <symbol id="sm-8e1">
         <name>_nop</name>
         <value>0x341b</value>
         <object_component_ref idref="oc-187"/>
      </symbol>
      <symbol id="sm-8e2">
         <name>_lock</name>
         <value>0x20007c80</value>
         <object_component_ref idref="oc-e6"/>
      </symbol>
      <symbol id="sm-8e3">
         <name>_unlock</name>
         <value>0x20007c84</value>
         <object_component_ref idref="oc-e6"/>
      </symbol>
      <symbol id="sm-8e4">
         <name>_register_lock</name>
         <value>0x3413</value>
         <object_component_ref idref="oc-187"/>
      </symbol>
      <symbol id="sm-8e5">
         <name>_register_unlock</name>
         <value>0x340d</value>
         <object_component_ref idref="oc-187"/>
      </symbol>
      <symbol id="sm-8f9">
         <name>_args_main</name>
         <value>0x333d</value>
         <object_component_ref idref="oc-86"/>
      </symbol>
      <symbol id="sm-923">
         <name>__TI_auto_init</name>
         <value>0x24f9</value>
         <object_component_ref idref="oc-80"/>
      </symbol>
      <symbol id="sm-93d">
         <name>copy_in</name>
         <value>0x2d09</value>
         <object_component_ref idref="oc-cd"/>
      </symbol>
      <symbol id="sm-947">
         <name>__aeabi_idiv0</name>
         <value>0x24f7</value>
         <object_component_ref idref="oc-495"/>
      </symbol>
      <symbol id="sm-951">
         <name>_system_post_cinit</name>
         <value>0x2a8f</value>
         <object_component_ref idref="oc-d3"/>
      </symbol>
      <symbol id="sm-999">
         <name>ADCProcessorTrigger</name>
         <value>0x32dd</value>
         <object_component_ref idref="oc-446"/>
      </symbol>
      <symbol id="sm-99a">
         <name>ADCSequenceEnable</name>
         <value>0x348d</value>
         <object_component_ref idref="oc-428"/>
      </symbol>
      <symbol id="sm-99b">
         <name>ADCSequenceConfigure</name>
         <value>0x2885</value>
         <object_component_ref idref="oc-41c"/>
      </symbol>
      <symbol id="sm-99c">
         <name>ADCSequenceStepConfigure</name>
         <value>0x231d</value>
         <object_component_ref idref="oc-422"/>
      </symbol>
      <symbol id="sm-99d">
         <name>ADCIntClear</name>
         <value>0x34f5</value>
         <object_component_ref idref="oc-440"/>
      </symbol>
      <symbol id="sm-99e">
         <name>ADCIntStatus</name>
         <value>0x3135</value>
         <object_component_ref idref="oc-44c"/>
      </symbol>
      <symbol id="sm-99f">
         <name>ADCSequenceDataGet</name>
         <value>0x3253</value>
         <object_component_ref idref="oc-452"/>
      </symbol>
      <symbol id="sm-9d8">
         <name>IntEnable</name>
         <value>0x2569</value>
         <object_component_ref idref="oc-3b2"/>
      </symbol>
      <symbol id="sm-9d9">
         <name>IntRegister</name>
         <value>0x2fd9</value>
         <object_component_ref idref="oc-3ac"/>
      </symbol>
      <symbol id="sm-9da">
         <name>g_pfnRAMVectors</name>
         <value>0x20000000</value>
         <object_component_ref idref="oc-4e5"/>
      </symbol>
      <symbol id="sm-a06">
         <name>SysCtlClockSet</name>
         <value>0x1791</value>
         <object_component_ref idref="oc-416"/>
      </symbol>
      <symbol id="sm-a07">
         <name>SysCtlDelay</name>
         <value>0x3535</value>
         <object_component_ref idref="oc-3f9"/>
      </symbol>
      <symbol id="sm-a08">
         <name>SysCtlPeripheralEnable</name>
         <value>0x300d</value>
         <object_component_ref idref="oc-130"/>
      </symbol>
      <symbol id="sm-a15">
         <name>UARTClockSourceSet</name>
         <value>0x353b</value>
         <object_component_ref idref="oc-1ca"/>
      </symbol>
      <symbol id="sm-a17">
         <name>__TI_static_base__</name>
         <value>0x0</value>
      </symbol>
      <symbol id="sm-a1a">
         <name>SHT$$INIT_ARRAY$$Limit</name>
         <value>0x0</value>
      </symbol>
      <symbol id="sm-a1b">
         <name>SHT$$INIT_ARRAY$$Base</name>
         <value>0x0</value>
      </symbol>
   </symbol_table>
   <title>Link successful</title>
</link_info>
